// Vitest Snapshot v1, https://vitest.dev/guide/snapshot.html

exports[`MemberSelectorDialog > renders correctly 1`] = `
<body
  style="padding-right: 1024px; overflow: hidden;"
>
  <div
    aria-hidden="true"
  />
  <div
    class="MuiDialog-root member-selector-dialog MuiModal-root css-1424xw8-MuiModal-root-MuiDialog-root"
    role="presentation"
  >
    <div
      aria-hidden="true"
      class="MuiBackdrop-root MuiModal-backdrop css-1cennmq-MuiBackdrop-root-MuiDialog-backdrop"
      style="opacity: 1; webkit-transition: opacity 225ms cubic-bezier(0.4, 0, 0.2, 1) 0ms; transition: opacity 225ms cubic-bezier(0.4, 0, 0.2, 1) 0ms;"
    />
    <div
      data-testid="sentinelStart"
      tabindex="0"
    />
    <div
      class="MuiDialog-container MuiDialog-scrollPaper css-19do60a-MuiDialog-container"
      role="presentation"
      style="webkit-transform: none; transform: none; webkit-transition: -webkit-transform 225ms cubic-bezier(0.0, 0, 0.2, 1) 0ms; transition: transform 225ms cubic-bezier(0.0, 0, 0.2, 1) 0ms;"
      tabindex="-1"
    >
      <div
        aria-labelledby=":r0:"
        aria-modal="true"
        class="MuiPaper-root MuiPaper-elevation MuiPaper-rounded MuiPaper-elevation24 MuiDialog-paper MuiDialog-paperScrollPaper MuiDialog-paperWidthSm MuiDialog-paperFullScreen css-l09ud3-MuiPaper-root-MuiDialog-paper"
        role="dialog"
        style="--Paper-shadow: 0px 11px 15px -7px rgba(0,0,0,0.2),0px 24px 38px 3px rgba(0,0,0,0.14),0px 9px 46px 8px rgba(0,0,0,0.12);"
      >
        <header
          class="MuiPaper-root MuiPaper-elevation MuiPaper-elevation4 MuiAppBar-root MuiAppBar-colorPrimary MuiAppBar-positionFixed mui-fixed css-zanzjh-MuiPaper-root-MuiAppBar-root"
          style="--Paper-shadow: 0px 2px 4px -1px rgba(0,0,0,0.2),0px 4px 5px 0px rgba(0,0,0,0.14),0px 1px 10px 0px rgba(0,0,0,0.12); padding-right: 1024px;"
        >
          <div
            class="MuiToolbar-root MuiToolbar-gutters MuiToolbar-regular css-1ygil4i-MuiToolbar-root"
          >
            <button
              class="MuiButtonBase-root MuiIconButton-root MuiIconButton-colorInherit MuiIconButton-edgeStart MuiIconButton-sizeMedium css-1fytndg-MuiButtonBase-root-MuiIconButton-root"
              tabindex="0"
              type="button"
            >
              <svg
                aria-hidden="true"
                class="MuiSvgIcon-root MuiSvgIcon-fontSizeMedium css-1umw9bq-MuiSvgIcon-root"
                data-testid="CloseIcon"
                focusable="false"
                viewBox="0 0 24 24"
              >
                <path
                  d="M19 6.41 17.59 5 12 10.59 6.41 5 5 6.41 10.59 12 5 17.59 6.41 19 12 13.41 17.59 19 19 17.59 13.41 12z"
                />
              </svg>
            </button>
            <div
              class="toolbar-title-container"
            >
              <h5
                class="MuiTypography-root MuiTypography-h5 toolbar-title css-16xl4zq-MuiTypography-root"
              >
                Select 
                Members
              </h5>
              <p
                class="MuiTypography-root MuiTypography-body1 selected-count-label css-rizt0-MuiTypography-root"
              >
                3
                 selected
              </p>
            </div>
            <button
              class="MuiButtonBase-root MuiButton-root MuiButton-text MuiButton-textInherit MuiButton-sizeMedium MuiButton-textSizeMedium MuiButton-colorInherit MuiButton-root MuiButton-text MuiButton-textInherit MuiButton-sizeMedium MuiButton-textSizeMedium MuiButton-colorInherit css-plnrbk-MuiButtonBase-root-MuiButton-root"
              tabindex="0"
              type="button"
            >
              Save
            </button>
          </div>
        </header>
        <div
          class="MuiDialogContent-root member-selector-dialog-content css-kw13he-MuiDialogContent-root"
        >
          <div
            class="MuiFormGroup-root dialog-form-group css-1mac7pt-MuiFormGroup-root"
          >
            <div
              class="filter-input-container"
            >
              <div
                class="MuiFormControl-root MuiTextField-root name-search-field css-1xp5r68-MuiFormControl-root-MuiTextField-root"
              >
                <label
                  class="MuiFormLabel-root MuiInputLabel-root MuiInputLabel-formControl MuiInputLabel-animated MuiInputLabel-sizeMedium MuiInputLabel-outlined MuiFormLabel-colorPrimary MuiInputLabel-root MuiInputLabel-formControl MuiInputLabel-animated MuiInputLabel-sizeMedium MuiInputLabel-outlined css-19qnlrw-MuiFormLabel-root-MuiInputLabel-root"
                  data-shrink="false"
                  for=":r3:"
                  id=":r3:-label"
                >
                  Name
                </label>
                <div
                  class="MuiInputBase-root MuiOutlinedInput-root MuiInputBase-colorPrimary MuiInputBase-formControl MuiInputBase-adornedEnd css-jupps9-MuiInputBase-root-MuiOutlinedInput-root"
                >
                  <input
                    aria-invalid="false"
                    class="MuiInputBase-input MuiOutlinedInput-input MuiInputBase-inputAdornedEnd css-1dune0f-MuiInputBase-input-MuiOutlinedInput-input"
                    id=":r3:"
                    placeholder="Search by member name"
                    type="text"
                    value=""
                  />
                  <div
                    class="MuiInputAdornment-root MuiInputAdornment-positionEnd MuiInputAdornment-outlined MuiInputAdornment-sizeMedium css-elo8k2-MuiInputAdornment-root"
                    color="gray"
                  >
                    <svg
                      aria-hidden="true"
                      class="MuiSvgIcon-root MuiSvgIcon-fontSizeMedium css-1umw9bq-MuiSvgIcon-root"
                      data-testid="SearchIcon"
                      focusable="false"
                      viewBox="0 0 24 24"
                    >
                      <path
                        d="M15.5 14h-.79l-.28-.27C15.41 12.59 16 11.11 16 9.5 16 5.91 13.09 3 9.5 3S3 5.91 3 9.5 5.91 16 9.5 16c1.61 0 3.09-.59 4.23-1.57l.27.28v.79l5 4.99L20.49 19zm-6 0C7.01 14 5 11.99 5 9.5S7.01 5 9.5 5 14 7.01 14 9.5 11.99 14 9.5 14"
                      />
                    </svg>
                  </div>
                  <fieldset
                    aria-hidden="true"
                    class="MuiOutlinedInput-notchedOutline css-1ll44ll-MuiOutlinedInput-notchedOutline"
                  >
                    <legend
                      class="css-81qg8w"
                    >
                      <span>
                        Name
                      </span>
                    </legend>
                  </fieldset>
                </div>
              </div>
              <div
                class="MuiFormControl-root filter-type-select css-1iw3t7y-MuiFormControl-root"
              >
                <label
                  class="MuiFormLabel-root MuiInputLabel-root MuiInputLabel-formControl MuiInputLabel-animated MuiInputLabel-shrink MuiInputLabel-sizeMedium MuiInputLabel-outlined MuiFormLabel-colorPrimary MuiFormLabel-filled MuiInputLabel-root MuiInputLabel-formControl MuiInputLabel-animated MuiInputLabel-shrink MuiInputLabel-sizeMedium MuiInputLabel-outlined css-113d811-MuiFormLabel-root-MuiInputLabel-root"
                  data-shrink="true"
                  id="filter-type-label"
                >
                  Filter Type
                </label>
                <div
                  class="MuiInputBase-root MuiOutlinedInput-root MuiInputBase-colorPrimary MuiInputBase-formControl MuiSelect-root css-sc8y68-MuiInputBase-root-MuiOutlinedInput-root-MuiSelect-root"
                >
                  <div
                    aria-expanded="false"
                    aria-haspopup="listbox"
                    aria-labelledby="filter-type-label"
                    class="MuiSelect-select MuiSelect-outlined MuiInputBase-input MuiOutlinedInput-input css-w76bbz-MuiSelect-select-MuiInputBase-input-MuiOutlinedInput-input"
                    role="combobox"
                    tabindex="0"
                  >
                    Team
                  </div>
                  <input
                    aria-hidden="true"
                    aria-invalid="false"
                    class="MuiSelect-nativeInput css-j0riat-MuiSelect-nativeInput"
                    tabindex="-1"
                    value="Team"
                  />
                  <svg
                    aria-hidden="true"
                    class="MuiSvgIcon-root MuiSvgIcon-fontSizeMedium MuiSelect-icon MuiSelect-iconOutlined css-lohd6h-MuiSvgIcon-root-MuiSelect-icon"
                    data-testid="ArrowDropDownIcon"
                    focusable="false"
                    viewBox="0 0 24 24"
                  >
                    <path
                      d="M7 10l5 5 5-5z"
                    />
                  </svg>
                  <fieldset
                    aria-hidden="true"
                    class="MuiOutlinedInput-notchedOutline css-1ll44ll-MuiOutlinedInput-notchedOutline"
                  >
                    <legend
                      class="css-w1u3ce"
                    >
                      <span>
                        Filter Type
                      </span>
                    </legend>
                  </fieldset>
                </div>
              </div>
              <div
                class="MuiAutocomplete-root MuiAutocomplete-hasPopupIcon filter-input css-1tlcqt-MuiAutocomplete-root"
              >
                <div
                  class="MuiFormControl-root MuiFormControl-fullWidth MuiTextField-root css-cmpglg-MuiFormControl-root-MuiTextField-root"
                >
                  <label
                    class="MuiFormLabel-root MuiInputLabel-root MuiInputLabel-formControl MuiInputLabel-animated MuiInputLabel-sizeMedium MuiInputLabel-outlined MuiFormLabel-colorPrimary MuiInputLabel-root MuiInputLabel-formControl MuiInputLabel-animated MuiInputLabel-sizeMedium MuiInputLabel-outlined css-19qnlrw-MuiFormLabel-root-MuiInputLabel-root"
                    data-shrink="false"
                    for=":r5:"
                    id=":r5:-label"
                  >
                    Filter Value
                  </label>
                  <div
                    class="MuiInputBase-root MuiOutlinedInput-root MuiInputBase-colorPrimary MuiInputBase-fullWidth MuiInputBase-formControl MuiInputBase-adornedEnd MuiAutocomplete-inputRoot css-1n04w30-MuiInputBase-root-MuiOutlinedInput-root"
                  >
                    <input
                      aria-autocomplete="list"
                      aria-expanded="false"
                      aria-invalid="false"
                      autocapitalize="none"
                      autocomplete="off"
                      class="MuiInputBase-input MuiOutlinedInput-input MuiInputBase-inputAdornedEnd MuiAutocomplete-input MuiAutocomplete-inputFocused css-1dune0f-MuiInputBase-input-MuiOutlinedInput-input"
                      id=":r5:"
                      placeholder="Search for team"
                      role="combobox"
                      spellcheck="false"
                      type="text"
                      value=""
                    />
                    <div
                      class="MuiAutocomplete-endAdornment css-1uhhrmm-MuiAutocomplete-endAdornment"
                    >
                      <button
                        aria-label="Open"
                        class="MuiButtonBase-root MuiIconButton-root MuiIconButton-sizeMedium MuiAutocomplete-popupIndicator css-2y136s-MuiButtonBase-root-MuiIconButton-root-MuiAutocomplete-popupIndicator"
                        tabindex="-1"
                        title="Open"
                        type="button"
                      >
                        <svg
                          aria-hidden="true"
                          class="MuiSvgIcon-root MuiSvgIcon-fontSizeMedium css-1umw9bq-MuiSvgIcon-root"
                          data-testid="ArrowDropDownIcon"
                          focusable="false"
                          viewBox="0 0 24 24"
                        >
                          <path
                            d="M7 10l5 5 5-5z"
                          />
                        </svg>
                      </button>
                    </div>
                    <fieldset
                      aria-hidden="true"
                      class="MuiOutlinedInput-notchedOutline css-1ll44ll-MuiOutlinedInput-notchedOutline"
                    >
                      <legend
                        class="css-81qg8w"
                      >
                        <span>
                          Filter Value
                        </span>
                      </legend>
                    </fieldset>
                  </div>
                </div>
              </div>
            </div>
            <span
              class="MuiButtonBase-root MuiCheckbox-root MuiCheckbox-colorPrimary MuiCheckbox-sizeMedium PrivateSwitchBase-root MuiCheckbox-root MuiCheckbox-colorPrimary MuiCheckbox-sizeMedium Mui-checked MuiCheckbox-root MuiCheckbox-colorPrimary MuiCheckbox-sizeMedium toggle-selectable-members-checkbox css-imrjgg-MuiButtonBase-root-MuiCheckbox-root"
            >
              <input
                class="PrivateSwitchBase-input css-j8yymo"
                data-indeterminate="false"
                type="checkbox"
              />
              <svg
                aria-hidden="true"
                class="MuiSvgIcon-root MuiSvgIcon-fontSizeMedium css-1umw9bq-MuiSvgIcon-root"
                data-testid="CheckBoxIcon"
                focusable="false"
                viewBox="0 0 24 24"
              >
                <path
                  d="M19 3H5c-1.11 0-2 .9-2 2v14c0 1.1.89 2 2 2h14c1.11 0 2-.9 2-2V5c0-1.1-.89-2-2-2zm-9 14l-5-5 1.41-1.41L10 14.17l7.59-7.59L19 8l-9 9z"
                />
              </svg>
            </span>
          </div>
          <div
            class="MuiFormGroup-root dialog-form-group css-1mac7pt-MuiFormGroup-root"
          >
            <div
              class="filter-input-container"
            >
              <div
                class="MuiFormControl-root filter-type-select css-1iw3t7y-MuiFormControl-root"
              >
                <label
                  class="MuiFormLabel-root MuiInputLabel-root MuiInputLabel-formControl MuiInputLabel-animated MuiInputLabel-shrink MuiInputLabel-sizeMedium MuiInputLabel-outlined MuiFormLabel-colorPrimary MuiFormLabel-filled MuiInputLabel-root MuiInputLabel-formControl MuiInputLabel-animated MuiInputLabel-shrink MuiInputLabel-sizeMedium MuiInputLabel-outlined css-113d811-MuiFormLabel-root-MuiInputLabel-root"
                  data-shrink="true"
                  id="member-filter-label"
                >
                  Required Tenure
                </label>
                <div
                  class="MuiInputBase-root MuiOutlinedInput-root MuiInputBase-colorPrimary MuiInputBase-formControl MuiSelect-root css-sc8y68-MuiInputBase-root-MuiOutlinedInput-root-MuiSelect-root"
                >
                  <div
                    aria-expanded="false"
                    aria-haspopup="listbox"
                    aria-labelledby="member-filter-label"
                    class="MuiSelect-select MuiSelect-outlined MuiInputBase-input MuiOutlinedInput-input css-w76bbz-MuiSelect-select-MuiInputBase-input-MuiOutlinedInput-input"
                    role="combobox"
                    tabindex="0"
                  >
                    All
                  </div>
                  <input
                    aria-hidden="true"
                    aria-invalid="false"
                    class="MuiSelect-nativeInput css-j0riat-MuiSelect-nativeInput"
                    tabindex="-1"
                    value="All"
                  />
                  <svg
                    aria-hidden="true"
                    class="MuiSvgIcon-root MuiSvgIcon-fontSizeMedium MuiSelect-icon MuiSelect-iconOutlined css-lohd6h-MuiSvgIcon-root-MuiSelect-icon"
                    data-testid="ArrowDropDownIcon"
                    focusable="false"
                    viewBox="0 0 24 24"
                  >
                    <path
                      d="M7 10l5 5 5-5z"
                    />
                  </svg>
                  <fieldset
                    aria-hidden="true"
                    class="MuiOutlinedInput-notchedOutline css-1ll44ll-MuiOutlinedInput-notchedOutline"
                  >
                    <legend
                      class="css-w1u3ce"
                    >
                      <span>
                        Required Tenure
                      </span>
                    </legend>
                  </fieldset>
                </div>
              </div>
            </div>
          </div>
          <hr
            class="MuiDivider-root MuiDivider-fullWidth css-1jpc804-MuiDivider-root"
          />
          <ul
            class="MuiList-root MuiList-padding MuiList-dense css-1k474g9-MuiList-root"
            role="list"
          >
            <li
              class="MuiListItem-root MuiListItem-dense MuiListItem-gutters css-1pzkvtx-MuiListItem-root"
              role="listitem"
            >
              <div
                class="MuiButtonBase-root MuiListItemButton-root MuiListItemButton-dense MuiListItemButton-gutters MuiListItemButton-root MuiListItemButton-dense MuiListItemButton-gutters css-2knotq-MuiButtonBase-root-MuiListItemButton-root"
                role="button"
                tabindex="0"
              >
                <div
                  class="MuiListItemAvatar-root css-1ulznza-MuiListItemAvatar-root"
                >
                  <div
                    class="MuiAvatar-root MuiAvatar-circular css-fmeqll-MuiAvatar-root"
                  >
                    <img
                      class="MuiAvatar-img css-1su80sj-MuiAvatar-img"
                      src="http://localhost:8080/services/member-profiles/member-photos/undefined"
                    />
                  </div>
                </div>
                <div
                  class="MuiListItemText-root MuiListItemText-dense MuiListItemText-multiline css-14ln1j6-MuiListItemText-root"
                >
                  <p
                    class="MuiTypography-root MuiTypography-body1 css-lhsbas-MuiTypography-root"
                  >
                    Current User
                  </p>
                  <h6
                    class="MuiTypography-root MuiTypography-body1 css-1ro85z9-MuiTypography-root"
                  />
                </div>
              </div>
              <div
                class="MuiListItemSecondaryAction-root css-zezwi5-MuiListItemSecondaryAction-root"
              >
                <span
                  class="MuiButtonBase-root MuiCheckbox-root MuiCheckbox-colorPrimary MuiCheckbox-sizeMedium PrivateSwitchBase-root MuiCheckbox-root MuiCheckbox-colorPrimary MuiCheckbox-sizeMedium Mui-checked MuiCheckbox-root MuiCheckbox-colorPrimary MuiCheckbox-sizeMedium css-rji8ye-MuiButtonBase-root-MuiCheckbox-root"
                >
                  <input
                    checked=""
                    class="PrivateSwitchBase-input css-j8yymo"
                    data-indeterminate="false"
                    type="checkbox"
                  />
                  <svg
                    aria-hidden="true"
                    class="MuiSvgIcon-root MuiSvgIcon-fontSizeMedium css-1umw9bq-MuiSvgIcon-root"
                    data-testid="CheckBoxIcon"
                    focusable="false"
                    viewBox="0 0 24 24"
                  >
                    <path
                      d="M19 3H5c-1.11 0-2 .9-2 2v14c0 1.1.89 2 2 2h14c1.11 0 2-.9 2-2V5c0-1.1-.89-2-2-2zm-9 14l-5-5 1.41-1.41L10 14.17l7.59-7.59L19 8l-9 9z"
                    />
                  </svg>
                </span>
              </div>
            </li>
            <li
              class="MuiListItem-root MuiListItem-dense MuiListItem-gutters css-1pzkvtx-MuiListItem-root"
              role="listitem"
            >
              <div
                class="MuiButtonBase-root MuiListItemButton-root MuiListItemButton-dense MuiListItemButton-gutters MuiListItemButton-root MuiListItemButton-dense MuiListItemButton-gutters css-2knotq-MuiButtonBase-root-MuiListItemButton-root"
                role="button"
                tabindex="0"
              >
                <div
                  class="MuiListItemAvatar-root css-1ulznza-MuiListItemAvatar-root"
                >
                  <div
                    class="MuiAvatar-root MuiAvatar-circular css-fmeqll-MuiAvatar-root"
                  >
                    <img
                      class="MuiAvatar-img css-1su80sj-MuiAvatar-img"
                      src="http://localhost:8080/services/member-profiles/member-photos/bobjones%40objectcomputing.com"
                    />
                  </div>
                </div>
                <div
                  class="MuiListItemText-root MuiListItemText-dense MuiListItemText-multiline css-14ln1j6-MuiListItemText-root"
                >
                  <p
                    class="MuiTypography-root MuiTypography-body1 css-lhsbas-MuiTypography-root"
                  >
                    Bob Jones
                  </p>
                  <h6
                    class="MuiTypography-root MuiTypography-body1 css-1ro85z9-MuiTypography-root"
                  >
                    Engineer
                  </h6>
                </div>
              </div>
              <div
                class="MuiListItemSecondaryAction-root css-zezwi5-MuiListItemSecondaryAction-root"
              >
                <span
                  class="MuiButtonBase-root MuiCheckbox-root MuiCheckbox-colorPrimary MuiCheckbox-sizeMedium PrivateSwitchBase-root MuiCheckbox-root MuiCheckbox-colorPrimary MuiCheckbox-sizeMedium Mui-checked MuiCheckbox-root MuiCheckbox-colorPrimary MuiCheckbox-sizeMedium css-rji8ye-MuiButtonBase-root-MuiCheckbox-root"
                >
                  <input
                    checked=""
                    class="PrivateSwitchBase-input css-j8yymo"
                    data-indeterminate="false"
                    type="checkbox"
                  />
                  <svg
                    aria-hidden="true"
                    class="MuiSvgIcon-root MuiSvgIcon-fontSizeMedium css-1umw9bq-MuiSvgIcon-root"
                    data-testid="CheckBoxIcon"
                    focusable="false"
                    viewBox="0 0 24 24"
                  >
                    <path
                      d="M19 3H5c-1.11 0-2 .9-2 2v14c0 1.1.89 2 2 2h14c1.11 0 2-.9 2-2V5c0-1.1-.89-2-2-2zm-9 14l-5-5 1.41-1.41L10 14.17l7.59-7.59L19 8l-9 9z"
                    />
                  </svg>
                </span>
              </div>
            </li>
            <li
              class="MuiListItem-root MuiListItem-dense MuiListItem-gutters css-1pzkvtx-MuiListItem-root"
              role="listitem"
            >
              <div
                class="MuiButtonBase-root MuiListItemButton-root MuiListItemButton-dense MuiListItemButton-gutters MuiListItemButton-root MuiListItemButton-dense MuiListItemButton-gutters css-2knotq-MuiButtonBase-root-MuiListItemButton-root"
                role="button"
                tabindex="0"
              >
                <div
                  class="MuiListItemAvatar-root css-1ulznza-MuiListItemAvatar-root"
                >
                  <div
                    class="MuiAvatar-root MuiAvatar-circular css-fmeqll-MuiAvatar-root"
                  >
                    <img
                      class="MuiAvatar-img css-1su80sj-MuiAvatar-img"
                      src="http://localhost:8080/services/member-profiles/member-photos/janedoe%40objectcomputing.com"
                    />
                  </div>
                </div>
                <div
                  class="MuiListItemText-root MuiListItemText-dense MuiListItemText-multiline css-14ln1j6-MuiListItemText-root"
                >
                  <p
                    class="MuiTypography-root MuiTypography-body1 css-lhsbas-MuiTypography-root"
                  >
                    Jane Doe
                  </p>
                  <h6
                    class="MuiTypography-root MuiTypography-body1 css-1ro85z9-MuiTypography-root"
                  >
                    Manager
                  </h6>
                </div>
              </div>
              <div
                class="MuiListItemSecondaryAction-root css-zezwi5-MuiListItemSecondaryAction-root"
              >
                <span
                  class="MuiButtonBase-root MuiCheckbox-root MuiCheckbox-colorPrimary MuiCheckbox-sizeMedium PrivateSwitchBase-root MuiCheckbox-root MuiCheckbox-colorPrimary MuiCheckbox-sizeMedium Mui-checked MuiCheckbox-root MuiCheckbox-colorPrimary MuiCheckbox-sizeMedium css-rji8ye-MuiButtonBase-root-MuiCheckbox-root"
                >
                  <input
                    checked=""
                    class="PrivateSwitchBase-input css-j8yymo"
                    data-indeterminate="false"
                    type="checkbox"
                  />
                  <svg
                    aria-hidden="true"
                    class="MuiSvgIcon-root MuiSvgIcon-fontSizeMedium css-1umw9bq-MuiSvgIcon-root"
                    data-testid="CheckBoxIcon"
                    focusable="false"
                    viewBox="0 0 24 24"
                  >
                    <path
                      d="M19 3H5c-1.11 0-2 .9-2 2v14c0 1.1.89 2 2 2h14c1.11 0 2-.9 2-2V5c0-1.1-.89-2-2-2zm-9 14l-5-5 1.41-1.41L10 14.17l7.59-7.59L19 8l-9 9z"
                    />
                  </svg>
                </span>
              </div>
            </li>
          </ul>
          <hr
            class="MuiDivider-root MuiDivider-fullWidth css-1jpc804-MuiDivider-root"
          />
        </div>
      </div>
    </div>
    <div
      data-testid="sentinelEnd"
      tabindex="0"
    />
  </div>
</body>
`;
