// Jest Snapshot v1, https://goo.gl/fbAQLP

exports[`renders the confirmation message 1`] = `
.emotion-0 .FeedbackSubmitConfirmation-announcement {
  text-align: center;
}

@media (max-width:820px) {
  .emotion-0 .FeedbackSubmitConfirmation-announcement {
    font-size: x-large;
  }
}

.emotion-1 {
  -webkit-user-select: none;
  -moz-user-select: none;
  -ms-user-select: none;
  user-select: none;
  width: 1em;
  height: 1em;
  display: inline-block;
  fill: currentColor;
  -webkit-flex-shrink: 0;
  -ms-flex-negative: 0;
  flex-shrink: 0;
  -webkit-transition: fill 200ms cubic-bezier(0.4, 0, 0.2, 1) 0ms;
  transition: fill 200ms cubic-bezier(0.4, 0, 0.2, 1) 0ms;
  font-size: 1.5rem;
}

.emotion-2 {
  margin: 0;
  font-family: "Roboto","Helvetica","Arial",sans-serif;
  font-weight: 400;
  font-size: 3rem;
  line-height: 1.167;
  letter-spacing: 0em;
}

<div
  className="submit-confirmation emotion-0"
>
  <svg
    aria-hidden={true}
    className="MuiSvgIcon-root MuiSvgIcon-fontSizeMedium emotion-1"
    data-testid="CheckCircleIcon"
    focusable="false"
    style={
      Object {
        "color": "#4caf50",
        "fontSize": "40vh",
      }
    }
    viewBox="0 0 24 24"
  >
    <path
      d="M12 2C6.48 2 2 6.48 2 12s4.48 10 10 10 10-4.48 10-10S17.52 2 12 2m-2 15-5-5 1.41-1.41L10 14.17l7.59-7.59L19 8z"
    />
  </svg>
  <h3
    className="MuiTypography-root MuiTypography-h3 FeedbackSubmitConfirmation-announcement emotion-2"
  >
    Thank you for your feedback on 
    <b />
  </h3>
</div>
`;
