// Jest Snapshot v1, https://goo.gl/fbAQLP

exports[`renders the component 1`] = `
<div
  className="MuiGrid-root FeedbackRecipientSelector"
>
  <div
    className="MuiGrid-root MuiGrid-container MuiGrid-spacing-xs-3"
  >
    <div
      className="MuiGrid-root makeStyles-search-1 MuiGrid-item MuiGrid-grid-xs-12"
    >
      <div
        className="MuiFormControl-root MuiTextField-root makeStyles-searchInput-2"
      >
        <label
          className="MuiFormLabel-root MuiInputLabel-root MuiInputLabel-formControl MuiInputLabel-animated"
          data-shrink={false}
        >
          Select employees...
        </label>
        <div
          className="MuiInputBase-root MuiInput-root MuiInput-underline MuiInputBase-formControl MuiInput-formControl"
          onClick={[Function]}
        >
          <input
            aria-invalid={false}
            autoFocus={false}
            className="MuiInputBase-input MuiInput-input"
            disabled={false}
            onAnimationStart={[Function]}
            onBlur={[Function]}
            onChange={[Function]}
            onFocus={[Function]}
            placeholder="Member Name"
            required={false}
            type="text"
            value=""
          />
        </div>
      </div>
    </div>
  </div>
  <div
    className="selected-recipients-container"
  >
    <h5
      className="MuiTypography-root MuiTypography-h5"
      style={
        Object {
          "color": "#454545",
          "fontWeight": "bold",
          "marginBottom": "1em",
        }
      }
    >
      0
       recipient
      s
       selected
    </h5>
    <p>
      Click on recipients to request feedback from them
    </p>
  </div>
  <div
    className="selectable-recipients-container"
  >
    <div
      className="recipient-card-container"
    />
  </div>
</div>
`;
