// Vitest Snapshot v1, https://vitest.dev/guide/snapshot.html

exports[`renders correctly 1`] = `
<div>
  <div
    class="anniversaries"
  >
    <div
      class="anniversary-gift box"
    >
      <div
        class="anniversary-gift-top open"
      />
      <div
        class="anniversary-gift-text open"
      />
      <div
        class="anniversary-gift-box"
      />
    </div>
    <div
      class="css-10t7enn"
    >
      <div
        class="anniversary-title"
      >
        <h1>
          Anniversaries
        </h1>
      </div>
      <div
        class="MuiGrid-root MuiGrid-container MuiGrid-spacing-xs-3 css-zow5z4-MuiGrid-root"
      >
        <div
          class="MuiGrid-root MuiGrid-item css-13i4rnv-MuiGrid-root"
        >
          <div
            class="MuiPaper-root MuiPaper-elevation MuiPaper-rounded MuiPaper-elevation1 MuiCard-root anniversaries-card css-bhp9pd-MuiPaper-root-MuiCard-root"
          >
            <a
              href="/profile/67dc3a3b-5bfa-4759-997a-fb6bac98dcf3"
              style="text-decoration: none;"
            >
              <div
                class="MuiCardHeader-root MemberSummaryCard-header css-185gdzj-MuiCardHeader-root"
              >
                <div
                  class="MuiCardHeader-avatar css-1ssile9-MuiCardHeader-avatar"
                >
                  <div
                    class="MuiAvatar-root MuiAvatar-circular celebrations-avatar css-1wlk0hk-MuiAvatar-root"
                  >
                    <img
                      class="MuiAvatar-img css-1pqm26d-MuiAvatar-img"
                      src="http://localhost:8080/services/member-profiles/member-photos/undefined"
                    />
                  </div>
                </div>
                <div
                  class="MuiCardHeader-content css-1qbkelo-MuiCardHeader-content"
                >
                  <h2
                    class="MuiTypography-root MuiTypography-h5 css-ag7rrr-MuiTypography-root"
                  >
                    Jesse Hanner
                     (
                    12/20/2012
                    )
                  </h2>
                  <h3
                    class="MuiTypography-root MuiTypography-body1 css-1pnmrwp-MuiTypography-root"
                  >
                    Thank you for
                     
                    <span>
                      10
                       years
                       
                    </span>
                    of service!
                  </h3>
                </div>
              </div>
            </a>
          </div>
          <div
            class="MuiPaper-root MuiPaper-elevation MuiPaper-rounded MuiPaper-elevation1 MuiCard-root anniversaries-card css-bhp9pd-MuiPaper-root-MuiCard-root"
          >
            <a
              href="/profile/b2d35288-7f1e-4549-aa2b-68396b162490"
              style="text-decoration: none;"
            >
              <div
                class="MuiCardHeader-root MemberSummaryCard-header css-185gdzj-MuiCardHeader-root"
              >
                <div
                  class="MuiCardHeader-avatar css-1ssile9-MuiCardHeader-avatar"
                >
                  <div
                    class="MuiAvatar-root MuiAvatar-circular celebrations-avatar css-1wlk0hk-MuiAvatar-root"
                  >
                    <img
                      class="MuiAvatar-img css-1pqm26d-MuiAvatar-img"
                      src="http://localhost:8080/services/member-profiles/member-photos/undefined"
                    />
                  </div>
                </div>
                <div
                  class="MuiCardHeader-content css-1qbkelo-MuiCardHeader-content"
                >
                  <h2
                    class="MuiTypography-root MuiTypography-h5 css-ag7rrr-MuiTypography-root"
                  >
                    Mohit Bhatia
                     (
                    12/10/2016
                    )
                  </h2>
                  <h3
                    class="MuiTypography-root MuiTypography-body1 css-1pnmrwp-MuiTypography-root"
                  >
                    Thank you for
                     
                    <span>
                      6
                       years
                       
                    </span>
                    of service!
                  </h3>
                </div>
              </div>
            </a>
          </div>
          <div
            class="MuiPaper-root MuiPaper-elevation MuiPaper-rounded MuiPaper-elevation1 MuiCard-root anniversaries-card css-bhp9pd-MuiPaper-root-MuiCard-root"
          >
            <a
              href="/profile/43ee8e79-b33d-44cd-b23c-e183894ebfef"
              style="text-decoration: none;"
            >
              <div
                class="MuiCardHeader-root MemberSummaryCard-header css-185gdzj-MuiCardHeader-root"
              >
                <div
                  class="MuiCardHeader-avatar css-1ssile9-MuiCardHeader-avatar"
                >
                  <div
                    class="MuiAvatar-root MuiAvatar-circular celebrations-avatar css-1wlk0hk-MuiAvatar-root"
                  >
                    <img
                      class="MuiAvatar-img css-1pqm26d-MuiAvatar-img"
                      src="http://localhost:8080/services/member-profiles/member-photos/undefined"
                    />
                  </div>
                </div>
                <div
                  class="MuiCardHeader-content css-1qbkelo-MuiCardHeader-content"
                >
                  <h2
                    class="MuiTypography-root MuiTypography-h5 css-ag7rrr-MuiTypography-root"
                  >
                    Zack Brown
                     (
                    12/29/2019
                    )
                  </h2>
                  <h3
                    class="MuiTypography-root MuiTypography-body1 css-1pnmrwp-MuiTypography-root"
                  >
                    Thank you for
                     
                    <span>
                      3
                       years
                       
                    </span>
                    of service!
                  </h3>
                </div>
              </div>
            </a>
          </div>
        </div>
      </div>
    </div>
  </div>
</div>
`;
