// Vitest Snapshot v1, https://vitest.dev/guide/snapshot.html

exports[`renders correctly 1`] = `
<div>
  <div
    class="birthdays-container"
  >
    <div
      class="balloons"
    >
      <div
        class="balloon"
      >
        <p>
          Happy
        </p>
        <p>
          Birthday!
        </p>
      </div>
      <div
        class="balloon"
      >
        <p>
          Happy
        </p>
        <p>
          Birthday!
        </p>
      </div>
      <div
        class="balloon"
      >
        <p>
          Happy
        </p>
        <p>
          Birthday!
        </p>
      </div>
    </div>
    <div
      class="css-10t7enn"
    >
      <div
        class="bday-title"
      >
        <h1>
          Birthdays
        </h1>
      </div>
      <div
        class="MuiGrid-root MuiGrid-container MuiGrid-spacing-xs-3 css-zow5z4-MuiGrid-root"
      >
        <div
          class="MuiGrid-root MuiGrid-item css-13i4rnv-MuiGrid-root"
        >
          <div
            class="MuiPaper-root MuiPaper-elevation MuiPaper-rounded MuiPaper-elevation1 MuiCard-root SkeletonLoader-card css-12qqhfb-MuiPaper-root-MuiCard-root"
          >
            <div
              class="MuiCardHeader-root css-185gdzj-MuiCardHeader-root"
            >
              <div
                class="MuiCardHeader-avatar css-1ssile9-MuiCardHeader-avatar"
              >
                <span
                  class="MuiSkeleton-root MuiSkeleton-circular MuiSkeleton-pulse css-wkdwxb-MuiSkeleton-root"
                  style="width: 45px; height: 45px;"
                />
              </div>
              <div
                class="MuiCardHeader-content css-1qbkelo-MuiCardHeader-content"
              >
                <span
                  class="MuiTypography-root MuiTypography-body2 MuiCardHeader-title css-et1ao3-MuiTypography-root"
                >
                  <span
                    class="MuiSkeleton-root MuiSkeleton-text MuiSkeleton-pulse css-1e1x4vv-MuiSkeleton-root"
                    style="height: 43px;"
                  />
                </span>
                <span
                  class="MuiTypography-root MuiTypography-body2 MuiCardHeader-subheader css-83ijpv-MuiTypography-root"
                >
                  <span
                    class="MuiSkeleton-root MuiSkeleton-text MuiSkeleton-pulse css-1e1x4vv-MuiSkeleton-root"
                  />
                </span>
              </div>
            </div>
            <span
              class="MuiSkeleton-root MuiSkeleton-rectangular MuiSkeleton-pulse css-153n0d3-MuiSkeleton-root"
              style="height: 118px;"
            />
          </div>
          <div
            class="MuiPaper-root MuiPaper-elevation MuiPaper-rounded MuiPaper-elevation1 MuiCard-root SkeletonLoader-card css-12qqhfb-MuiPaper-root-MuiCard-root"
          >
            <div
              class="MuiCardHeader-root css-185gdzj-MuiCardHeader-root"
            >
              <div
                class="MuiCardHeader-avatar css-1ssile9-MuiCardHeader-avatar"
              >
                <span
                  class="MuiSkeleton-root MuiSkeleton-circular MuiSkeleton-pulse css-wkdwxb-MuiSkeleton-root"
                  style="width: 45px; height: 45px;"
                />
              </div>
              <div
                class="MuiCardHeader-content css-1qbkelo-MuiCardHeader-content"
              >
                <span
                  class="MuiTypography-root MuiTypography-body2 MuiCardHeader-title css-et1ao3-MuiTypography-root"
                >
                  <span
                    class="MuiSkeleton-root MuiSkeleton-text MuiSkeleton-pulse css-1e1x4vv-MuiSkeleton-root"
                    style="height: 43px;"
                  />
                </span>
                <span
                  class="MuiTypography-root MuiTypography-body2 MuiCardHeader-subheader css-83ijpv-MuiTypography-root"
                >
                  <span
                    class="MuiSkeleton-root MuiSkeleton-text MuiSkeleton-pulse css-1e1x4vv-MuiSkeleton-root"
                  />
                </span>
              </div>
            </div>
            <span
              class="MuiSkeleton-root MuiSkeleton-rectangular MuiSkeleton-pulse css-153n0d3-MuiSkeleton-root"
              style="height: 118px;"
            />
          </div>
          <div
            class="MuiPaper-root MuiPaper-elevation MuiPaper-rounded MuiPaper-elevation1 MuiCard-root SkeletonLoader-card css-12qqhfb-MuiPaper-root-MuiCard-root"
          >
            <div
              class="MuiCardHeader-root css-185gdzj-MuiCardHeader-root"
            >
              <div
                class="MuiCardHeader-avatar css-1ssile9-MuiCardHeader-avatar"
              >
                <span
                  class="MuiSkeleton-root MuiSkeleton-circular MuiSkeleton-pulse css-wkdwxb-MuiSkeleton-root"
                  style="width: 45px; height: 45px;"
                />
              </div>
              <div
                class="MuiCardHeader-content css-1qbkelo-MuiCardHeader-content"
              >
                <span
                  class="MuiTypography-root MuiTypography-body2 MuiCardHeader-title css-et1ao3-MuiTypography-root"
                >
                  <span
                    class="MuiSkeleton-root MuiSkeleton-text MuiSkeleton-pulse css-1e1x4vv-MuiSkeleton-root"
                    style="height: 43px;"
                  />
                </span>
                <span
                  class="MuiTypography-root MuiTypography-body2 MuiCardHeader-subheader css-83ijpv-MuiTypography-root"
                >
                  <span
                    class="MuiSkeleton-root MuiSkeleton-text MuiSkeleton-pulse css-1e1x4vv-MuiSkeleton-root"
                  />
                </span>
              </div>
            </div>
            <span
              class="MuiSkeleton-root MuiSkeleton-rectangular MuiSkeleton-pulse css-153n0d3-MuiSkeleton-root"
              style="height: 118px;"
            />
          </div>
          <div
            class="MuiPaper-root MuiPaper-elevation MuiPaper-rounded MuiPaper-elevation1 MuiCard-root SkeletonLoader-card css-12qqhfb-MuiPaper-root-MuiCard-root"
          >
            <div
              class="MuiCardHeader-root css-185gdzj-MuiCardHeader-root"
            >
              <div
                class="MuiCardHeader-avatar css-1ssile9-MuiCardHeader-avatar"
              >
                <span
                  class="MuiSkeleton-root MuiSkeleton-circular MuiSkeleton-pulse css-wkdwxb-MuiSkeleton-root"
                  style="width: 45px; height: 45px;"
                />
              </div>
              <div
                class="MuiCardHeader-content css-1qbkelo-MuiCardHeader-content"
              >
                <span
                  class="MuiTypography-root MuiTypography-body2 MuiCardHeader-title css-et1ao3-MuiTypography-root"
                >
                  <span
                    class="MuiSkeleton-root MuiSkeleton-text MuiSkeleton-pulse css-1e1x4vv-MuiSkeleton-root"
                    style="height: 43px;"
                  />
                </span>
                <span
                  class="MuiTypography-root MuiTypography-body2 MuiCardHeader-subheader css-83ijpv-MuiTypography-root"
                >
                  <span
                    class="MuiSkeleton-root MuiSkeleton-text MuiSkeleton-pulse css-1e1x4vv-MuiSkeleton-root"
                  />
                </span>
              </div>
            </div>
            <span
              class="MuiSkeleton-root MuiSkeleton-rectangular MuiSkeleton-pulse css-153n0d3-MuiSkeleton-root"
              style="height: 118px;"
            />
          </div>
          <div
            class="MuiPaper-root MuiPaper-elevation MuiPaper-rounded MuiPaper-elevation1 MuiCard-root SkeletonLoader-card css-12qqhfb-MuiPaper-root-MuiCard-root"
          >
            <div
              class="MuiCardHeader-root css-185gdzj-MuiCardHeader-root"
            >
              <div
                class="MuiCardHeader-avatar css-1ssile9-MuiCardHeader-avatar"
              >
                <span
                  class="MuiSkeleton-root MuiSkeleton-circular MuiSkeleton-pulse css-wkdwxb-MuiSkeleton-root"
                  style="width: 45px; height: 45px;"
                />
              </div>
              <div
                class="MuiCardHeader-content css-1qbkelo-MuiCardHeader-content"
              >
                <span
                  class="MuiTypography-root MuiTypography-body2 MuiCardHeader-title css-et1ao3-MuiTypography-root"
                >
                  <span
                    class="MuiSkeleton-root MuiSkeleton-text MuiSkeleton-pulse css-1e1x4vv-MuiSkeleton-root"
                    style="height: 43px;"
                  />
                </span>
                <span
                  class="MuiTypography-root MuiTypography-body2 MuiCardHeader-subheader css-83ijpv-MuiTypography-root"
                >
                  <span
                    class="MuiSkeleton-root MuiSkeleton-text MuiSkeleton-pulse css-1e1x4vv-MuiSkeleton-root"
                  />
                </span>
              </div>
            </div>
            <span
              class="MuiSkeleton-root MuiSkeleton-rectangular MuiSkeleton-pulse css-153n0d3-MuiSkeleton-root"
              style="height: 118px;"
            />
          </div>
          <div
            class="MuiPaper-root MuiPaper-elevation MuiPaper-rounded MuiPaper-elevation1 MuiCard-root SkeletonLoader-card css-12qqhfb-MuiPaper-root-MuiCard-root"
          >
            <div
              class="MuiCardHeader-root css-185gdzj-MuiCardHeader-root"
            >
              <div
                class="MuiCardHeader-avatar css-1ssile9-MuiCardHeader-avatar"
              >
                <span
                  class="MuiSkeleton-root MuiSkeleton-circular MuiSkeleton-pulse css-wkdwxb-MuiSkeleton-root"
                  style="width: 45px; height: 45px;"
                />
              </div>
              <div
                class="MuiCardHeader-content css-1qbkelo-MuiCardHeader-content"
              >
                <span
                  class="MuiTypography-root MuiTypography-body2 MuiCardHeader-title css-et1ao3-MuiTypography-root"
                >
                  <span
                    class="MuiSkeleton-root MuiSkeleton-text MuiSkeleton-pulse css-1e1x4vv-MuiSkeleton-root"
                    style="height: 43px;"
                  />
                </span>
                <span
                  class="MuiTypography-root MuiTypography-body2 MuiCardHeader-subheader css-83ijpv-MuiTypography-root"
                >
                  <span
                    class="MuiSkeleton-root MuiSkeleton-text MuiSkeleton-pulse css-1e1x4vv-MuiSkeleton-root"
                  />
                </span>
              </div>
            </div>
            <span
              class="MuiSkeleton-root MuiSkeleton-rectangular MuiSkeleton-pulse css-153n0d3-MuiSkeleton-root"
              style="height: 118px;"
            />
          </div>
          <div
            class="MuiPaper-root MuiPaper-elevation MuiPaper-rounded MuiPaper-elevation1 MuiCard-root SkeletonLoader-card css-12qqhfb-MuiPaper-root-MuiCard-root"
          >
            <div
              class="MuiCardHeader-root css-185gdzj-MuiCardHeader-root"
            >
              <div
                class="MuiCardHeader-avatar css-1ssile9-MuiCardHeader-avatar"
              >
                <span
                  class="MuiSkeleton-root MuiSkeleton-circular MuiSkeleton-pulse css-wkdwxb-MuiSkeleton-root"
                  style="width: 45px; height: 45px;"
                />
              </div>
              <div
                class="MuiCardHeader-content css-1qbkelo-MuiCardHeader-content"
              >
                <span
                  class="MuiTypography-root MuiTypography-body2 MuiCardHeader-title css-et1ao3-MuiTypography-root"
                >
                  <span
                    class="MuiSkeleton-root MuiSkeleton-text MuiSkeleton-pulse css-1e1x4vv-MuiSkeleton-root"
                    style="height: 43px;"
                  />
                </span>
                <span
                  class="MuiTypography-root MuiTypography-body2 MuiCardHeader-subheader css-83ijpv-MuiTypography-root"
                >
                  <span
                    class="MuiSkeleton-root MuiSkeleton-text MuiSkeleton-pulse css-1e1x4vv-MuiSkeleton-root"
                  />
                </span>
              </div>
            </div>
            <span
              class="MuiSkeleton-root MuiSkeleton-rectangular MuiSkeleton-pulse css-153n0d3-MuiSkeleton-root"
              style="height: 118px;"
            />
          </div>
          <div
            class="MuiPaper-root MuiPaper-elevation MuiPaper-rounded MuiPaper-elevation1 MuiCard-root SkeletonLoader-card css-12qqhfb-MuiPaper-root-MuiCard-root"
          >
            <div
              class="MuiCardHeader-root css-185gdzj-MuiCardHeader-root"
            >
              <div
                class="MuiCardHeader-avatar css-1ssile9-MuiCardHeader-avatar"
              >
                <span
                  class="MuiSkeleton-root MuiSkeleton-circular MuiSkeleton-pulse css-wkdwxb-MuiSkeleton-root"
                  style="width: 45px; height: 45px;"
                />
              </div>
              <div
                class="MuiCardHeader-content css-1qbkelo-MuiCardHeader-content"
              >
                <span
                  class="MuiTypography-root MuiTypography-body2 MuiCardHeader-title css-et1ao3-MuiTypography-root"
                >
                  <span
                    class="MuiSkeleton-root MuiSkeleton-text MuiSkeleton-pulse css-1e1x4vv-MuiSkeleton-root"
                    style="height: 43px;"
                  />
                </span>
                <span
                  class="MuiTypography-root MuiTypography-body2 MuiCardHeader-subheader css-83ijpv-MuiTypography-root"
                >
                  <span
                    class="MuiSkeleton-root MuiSkeleton-text MuiSkeleton-pulse css-1e1x4vv-MuiSkeleton-root"
                  />
                </span>
              </div>
            </div>
            <span
              class="MuiSkeleton-root MuiSkeleton-rectangular MuiSkeleton-pulse css-153n0d3-MuiSkeleton-root"
              style="height: 118px;"
            />
          </div>
          <div
            class="MuiPaper-root MuiPaper-elevation MuiPaper-rounded MuiPaper-elevation1 MuiCard-root SkeletonLoader-card css-12qqhfb-MuiPaper-root-MuiCard-root"
          >
            <div
              class="MuiCardHeader-root css-185gdzj-MuiCardHeader-root"
            >
              <div
                class="MuiCardHeader-avatar css-1ssile9-MuiCardHeader-avatar"
              >
                <span
                  class="MuiSkeleton-root MuiSkeleton-circular MuiSkeleton-pulse css-wkdwxb-MuiSkeleton-root"
                  style="width: 45px; height: 45px;"
                />
              </div>
              <div
                class="MuiCardHeader-content css-1qbkelo-MuiCardHeader-content"
              >
                <span
                  class="MuiTypography-root MuiTypography-body2 MuiCardHeader-title css-et1ao3-MuiTypography-root"
                >
                  <span
                    class="MuiSkeleton-root MuiSkeleton-text MuiSkeleton-pulse css-1e1x4vv-MuiSkeleton-root"
                    style="height: 43px;"
                  />
                </span>
                <span
                  class="MuiTypography-root MuiTypography-body2 MuiCardHeader-subheader css-83ijpv-MuiTypography-root"
                >
                  <span
                    class="MuiSkeleton-root MuiSkeleton-text MuiSkeleton-pulse css-1e1x4vv-MuiSkeleton-root"
                  />
                </span>
              </div>
            </div>
            <span
              class="MuiSkeleton-root MuiSkeleton-rectangular MuiSkeleton-pulse css-153n0d3-MuiSkeleton-root"
              style="height: 118px;"
            />
          </div>
          <div
            class="MuiPaper-root MuiPaper-elevation MuiPaper-rounded MuiPaper-elevation1 MuiCard-root SkeletonLoader-card css-12qqhfb-MuiPaper-root-MuiCard-root"
          >
            <div
              class="MuiCardHeader-root css-185gdzj-MuiCardHeader-root"
            >
              <div
                class="MuiCardHeader-avatar css-1ssile9-MuiCardHeader-avatar"
              >
                <span
                  class="MuiSkeleton-root MuiSkeleton-circular MuiSkeleton-pulse css-wkdwxb-MuiSkeleton-root"
                  style="width: 45px; height: 45px;"
                />
              </div>
              <div
                class="MuiCardHeader-content css-1qbkelo-MuiCardHeader-content"
              >
                <span
                  class="MuiTypography-root MuiTypography-body2 MuiCardHeader-title css-et1ao3-MuiTypography-root"
                >
                  <span
                    class="MuiSkeleton-root MuiSkeleton-text MuiSkeleton-pulse css-1e1x4vv-MuiSkeleton-root"
                    style="height: 43px;"
                  />
                </span>
                <span
                  class="MuiTypography-root MuiTypography-body2 MuiCardHeader-subheader css-83ijpv-MuiTypography-root"
                >
                  <span
                    class="MuiSkeleton-root MuiSkeleton-text MuiSkeleton-pulse css-1e1x4vv-MuiSkeleton-root"
                  />
                </span>
              </div>
            </div>
            <span
              class="MuiSkeleton-root MuiSkeleton-rectangular MuiSkeleton-pulse css-153n0d3-MuiSkeleton-root"
              style="height: 118px;"
            />
          </div>
          <div
            class="MuiPaper-root MuiPaper-elevation MuiPaper-rounded MuiPaper-elevation1 MuiCard-root SkeletonLoader-card css-12qqhfb-MuiPaper-root-MuiCard-root"
          >
            <div
              class="MuiCardHeader-root css-185gdzj-MuiCardHeader-root"
            >
              <div
                class="MuiCardHeader-avatar css-1ssile9-MuiCardHeader-avatar"
              >
                <span
                  class="MuiSkeleton-root MuiSkeleton-circular MuiSkeleton-pulse css-wkdwxb-MuiSkeleton-root"
                  style="width: 45px; height: 45px;"
                />
              </div>
              <div
                class="MuiCardHeader-content css-1qbkelo-MuiCardHeader-content"
              >
                <span
                  class="MuiTypography-root MuiTypography-body2 MuiCardHeader-title css-et1ao3-MuiTypography-root"
                >
                  <span
                    class="MuiSkeleton-root MuiSkeleton-text MuiSkeleton-pulse css-1e1x4vv-MuiSkeleton-root"
                    style="height: 43px;"
                  />
                </span>
                <span
                  class="MuiTypography-root MuiTypography-body2 MuiCardHeader-subheader css-83ijpv-MuiTypography-root"
                >
                  <span
                    class="MuiSkeleton-root MuiSkeleton-text MuiSkeleton-pulse css-1e1x4vv-MuiSkeleton-root"
                  />
                </span>
              </div>
            </div>
            <span
              class="MuiSkeleton-root MuiSkeleton-rectangular MuiSkeleton-pulse css-153n0d3-MuiSkeleton-root"
              style="height: 118px;"
            />
          </div>
          <div
            class="MuiPaper-root MuiPaper-elevation MuiPaper-rounded MuiPaper-elevation1 MuiCard-root SkeletonLoader-card css-12qqhfb-MuiPaper-root-MuiCard-root"
          >
            <div
              class="MuiCardHeader-root css-185gdzj-MuiCardHeader-root"
            >
              <div
                class="MuiCardHeader-avatar css-1ssile9-MuiCardHeader-avatar"
              >
                <span
                  class="MuiSkeleton-root MuiSkeleton-circular MuiSkeleton-pulse css-wkdwxb-MuiSkeleton-root"
                  style="width: 45px; height: 45px;"
                />
              </div>
              <div
                class="MuiCardHeader-content css-1qbkelo-MuiCardHeader-content"
              >
                <span
                  class="MuiTypography-root MuiTypography-body2 MuiCardHeader-title css-et1ao3-MuiTypography-root"
                >
                  <span
                    class="MuiSkeleton-root MuiSkeleton-text MuiSkeleton-pulse css-1e1x4vv-MuiSkeleton-root"
                    style="height: 43px;"
                  />
                </span>
                <span
                  class="MuiTypography-root MuiTypography-body2 MuiCardHeader-subheader css-83ijpv-MuiTypography-root"
                >
                  <span
                    class="MuiSkeleton-root MuiSkeleton-text MuiSkeleton-pulse css-1e1x4vv-MuiSkeleton-root"
                  />
                </span>
              </div>
            </div>
            <span
              class="MuiSkeleton-root MuiSkeleton-rectangular MuiSkeleton-pulse css-153n0d3-MuiSkeleton-root"
              style="height: 118px;"
            />
          </div>
          <div
            class="MuiPaper-root MuiPaper-elevation MuiPaper-rounded MuiPaper-elevation1 MuiCard-root SkeletonLoader-card css-12qqhfb-MuiPaper-root-MuiCard-root"
          >
            <div
              class="MuiCardHeader-root css-185gdzj-MuiCardHeader-root"
            >
              <div
                class="MuiCardHeader-avatar css-1ssile9-MuiCardHeader-avatar"
              >
                <span
                  class="MuiSkeleton-root MuiSkeleton-circular MuiSkeleton-pulse css-wkdwxb-MuiSkeleton-root"
                  style="width: 45px; height: 45px;"
                />
              </div>
              <div
                class="MuiCardHeader-content css-1qbkelo-MuiCardHeader-content"
              >
                <span
                  class="MuiTypography-root MuiTypography-body2 MuiCardHeader-title css-et1ao3-MuiTypography-root"
                >
                  <span
                    class="MuiSkeleton-root MuiSkeleton-text MuiSkeleton-pulse css-1e1x4vv-MuiSkeleton-root"
                    style="height: 43px;"
                  />
                </span>
                <span
                  class="MuiTypography-root MuiTypography-body2 MuiCardHeader-subheader css-83ijpv-MuiTypography-root"
                >
                  <span
                    class="MuiSkeleton-root MuiSkeleton-text MuiSkeleton-pulse css-1e1x4vv-MuiSkeleton-root"
                  />
                </span>
              </div>
            </div>
            <span
              class="MuiSkeleton-root MuiSkeleton-rectangular MuiSkeleton-pulse css-153n0d3-MuiSkeleton-root"
              style="height: 118px;"
            />
          </div>
          <div
            class="MuiPaper-root MuiPaper-elevation MuiPaper-rounded MuiPaper-elevation1 MuiCard-root SkeletonLoader-card css-12qqhfb-MuiPaper-root-MuiCard-root"
          >
            <div
              class="MuiCardHeader-root css-185gdzj-MuiCardHeader-root"
            >
              <div
                class="MuiCardHeader-avatar css-1ssile9-MuiCardHeader-avatar"
              >
                <span
                  class="MuiSkeleton-root MuiSkeleton-circular MuiSkeleton-pulse css-wkdwxb-MuiSkeleton-root"
                  style="width: 45px; height: 45px;"
                />
              </div>
              <div
                class="MuiCardHeader-content css-1qbkelo-MuiCardHeader-content"
              >
                <span
                  class="MuiTypography-root MuiTypography-body2 MuiCardHeader-title css-et1ao3-MuiTypography-root"
                >
                  <span
                    class="MuiSkeleton-root MuiSkeleton-text MuiSkeleton-pulse css-1e1x4vv-MuiSkeleton-root"
                    style="height: 43px;"
                  />
                </span>
                <span
                  class="MuiTypography-root MuiTypography-body2 MuiCardHeader-subheader css-83ijpv-MuiTypography-root"
                >
                  <span
                    class="MuiSkeleton-root MuiSkeleton-text MuiSkeleton-pulse css-1e1x4vv-MuiSkeleton-root"
                  />
                </span>
              </div>
            </div>
            <span
              class="MuiSkeleton-root MuiSkeleton-rectangular MuiSkeleton-pulse css-153n0d3-MuiSkeleton-root"
              style="height: 118px;"
            />
          </div>
          <div
            class="MuiPaper-root MuiPaper-elevation MuiPaper-rounded MuiPaper-elevation1 MuiCard-root SkeletonLoader-card css-12qqhfb-MuiPaper-root-MuiCard-root"
          >
            <div
              class="MuiCardHeader-root css-185gdzj-MuiCardHeader-root"
            >
              <div
                class="MuiCardHeader-avatar css-1ssile9-MuiCardHeader-avatar"
              >
                <span
                  class="MuiSkeleton-root MuiSkeleton-circular MuiSkeleton-pulse css-wkdwxb-MuiSkeleton-root"
                  style="width: 45px; height: 45px;"
                />
              </div>
              <div
                class="MuiCardHeader-content css-1qbkelo-MuiCardHeader-content"
              >
                <span
                  class="MuiTypography-root MuiTypography-body2 MuiCardHeader-title css-et1ao3-MuiTypography-root"
                >
                  <span
                    class="MuiSkeleton-root MuiSkeleton-text MuiSkeleton-pulse css-1e1x4vv-MuiSkeleton-root"
                    style="height: 43px;"
                  />
                </span>
                <span
                  class="MuiTypography-root MuiTypography-body2 MuiCardHeader-subheader css-83ijpv-MuiTypography-root"
                >
                  <span
                    class="MuiSkeleton-root MuiSkeleton-text MuiSkeleton-pulse css-1e1x4vv-MuiSkeleton-root"
                  />
                </span>
              </div>
            </div>
            <span
              class="MuiSkeleton-root MuiSkeleton-rectangular MuiSkeleton-pulse css-153n0d3-MuiSkeleton-root"
              style="height: 118px;"
            />
          </div>
          <div
            class="MuiPaper-root MuiPaper-elevation MuiPaper-rounded MuiPaper-elevation1 MuiCard-root SkeletonLoader-card css-12qqhfb-MuiPaper-root-MuiCard-root"
          >
            <div
              class="MuiCardHeader-root css-185gdzj-MuiCardHeader-root"
            >
              <div
                class="MuiCardHeader-avatar css-1ssile9-MuiCardHeader-avatar"
              >
                <span
                  class="MuiSkeleton-root MuiSkeleton-circular MuiSkeleton-pulse css-wkdwxb-MuiSkeleton-root"
                  style="width: 45px; height: 45px;"
                />
              </div>
              <div
                class="MuiCardHeader-content css-1qbkelo-MuiCardHeader-content"
              >
                <span
                  class="MuiTypography-root MuiTypography-body2 MuiCardHeader-title css-et1ao3-MuiTypography-root"
                >
                  <span
                    class="MuiSkeleton-root MuiSkeleton-text MuiSkeleton-pulse css-1e1x4vv-MuiSkeleton-root"
                    style="height: 43px;"
                  />
                </span>
                <span
                  class="MuiTypography-root MuiTypography-body2 MuiCardHeader-subheader css-83ijpv-MuiTypography-root"
                >
                  <span
                    class="MuiSkeleton-root MuiSkeleton-text MuiSkeleton-pulse css-1e1x4vv-MuiSkeleton-root"
                  />
                </span>
              </div>
            </div>
            <span
              class="MuiSkeleton-root MuiSkeleton-rectangular MuiSkeleton-pulse css-153n0d3-MuiSkeleton-root"
              style="height: 118px;"
            />
          </div>
          <div
            class="MuiPaper-root MuiPaper-elevation MuiPaper-rounded MuiPaper-elevation1 MuiCard-root SkeletonLoader-card css-12qqhfb-MuiPaper-root-MuiCard-root"
          >
            <div
              class="MuiCardHeader-root css-185gdzj-MuiCardHeader-root"
            >
              <div
                class="MuiCardHeader-avatar css-1ssile9-MuiCardHeader-avatar"
              >
                <span
                  class="MuiSkeleton-root MuiSkeleton-circular MuiSkeleton-pulse css-wkdwxb-MuiSkeleton-root"
                  style="width: 45px; height: 45px;"
                />
              </div>
              <div
                class="MuiCardHeader-content css-1qbkelo-MuiCardHeader-content"
              >
                <span
                  class="MuiTypography-root MuiTypography-body2 MuiCardHeader-title css-et1ao3-MuiTypography-root"
                >
                  <span
                    class="MuiSkeleton-root MuiSkeleton-text MuiSkeleton-pulse css-1e1x4vv-MuiSkeleton-root"
                    style="height: 43px;"
                  />
                </span>
                <span
                  class="MuiTypography-root MuiTypography-body2 MuiCardHeader-subheader css-83ijpv-MuiTypography-root"
                >
                  <span
                    class="MuiSkeleton-root MuiSkeleton-text MuiSkeleton-pulse css-1e1x4vv-MuiSkeleton-root"
                  />
                </span>
              </div>
            </div>
            <span
              class="MuiSkeleton-root MuiSkeleton-rectangular MuiSkeleton-pulse css-153n0d3-MuiSkeleton-root"
              style="height: 118px;"
            />
          </div>
          <div
            class="MuiPaper-root MuiPaper-elevation MuiPaper-rounded MuiPaper-elevation1 MuiCard-root SkeletonLoader-card css-12qqhfb-MuiPaper-root-MuiCard-root"
          >
            <div
              class="MuiCardHeader-root css-185gdzj-MuiCardHeader-root"
            >
              <div
                class="MuiCardHeader-avatar css-1ssile9-MuiCardHeader-avatar"
              >
                <span
                  class="MuiSkeleton-root MuiSkeleton-circular MuiSkeleton-pulse css-wkdwxb-MuiSkeleton-root"
                  style="width: 45px; height: 45px;"
                />
              </div>
              <div
                class="MuiCardHeader-content css-1qbkelo-MuiCardHeader-content"
              >
                <span
                  class="MuiTypography-root MuiTypography-body2 MuiCardHeader-title css-et1ao3-MuiTypography-root"
                >
                  <span
                    class="MuiSkeleton-root MuiSkeleton-text MuiSkeleton-pulse css-1e1x4vv-MuiSkeleton-root"
                    style="height: 43px;"
                  />
                </span>
                <span
                  class="MuiTypography-root MuiTypography-body2 MuiCardHeader-subheader css-83ijpv-MuiTypography-root"
                >
                  <span
                    class="MuiSkeleton-root MuiSkeleton-text MuiSkeleton-pulse css-1e1x4vv-MuiSkeleton-root"
                  />
                </span>
              </div>
            </div>
            <span
              class="MuiSkeleton-root MuiSkeleton-rectangular MuiSkeleton-pulse css-153n0d3-MuiSkeleton-root"
              style="height: 118px;"
            />
          </div>
          <div
            class="MuiPaper-root MuiPaper-elevation MuiPaper-rounded MuiPaper-elevation1 MuiCard-root SkeletonLoader-card css-12qqhfb-MuiPaper-root-MuiCard-root"
          >
            <div
              class="MuiCardHeader-root css-185gdzj-MuiCardHeader-root"
            >
              <div
                class="MuiCardHeader-avatar css-1ssile9-MuiCardHeader-avatar"
              >
                <span
                  class="MuiSkeleton-root MuiSkeleton-circular MuiSkeleton-pulse css-wkdwxb-MuiSkeleton-root"
                  style="width: 45px; height: 45px;"
                />
              </div>
              <div
                class="MuiCardHeader-content css-1qbkelo-MuiCardHeader-content"
              >
                <span
                  class="MuiTypography-root MuiTypography-body2 MuiCardHeader-title css-et1ao3-MuiTypography-root"
                >
                  <span
                    class="MuiSkeleton-root MuiSkeleton-text MuiSkeleton-pulse css-1e1x4vv-MuiSkeleton-root"
                    style="height: 43px;"
                  />
                </span>
                <span
                  class="MuiTypography-root MuiTypography-body2 MuiCardHeader-subheader css-83ijpv-MuiTypography-root"
                >
                  <span
                    class="MuiSkeleton-root MuiSkeleton-text MuiSkeleton-pulse css-1e1x4vv-MuiSkeleton-root"
                  />
                </span>
              </div>
            </div>
            <span
              class="MuiSkeleton-root MuiSkeleton-rectangular MuiSkeleton-pulse css-153n0d3-MuiSkeleton-root"
              style="height: 118px;"
            />
          </div>
          <div
            class="MuiPaper-root MuiPaper-elevation MuiPaper-rounded MuiPaper-elevation1 MuiCard-root SkeletonLoader-card css-12qqhfb-MuiPaper-root-MuiCard-root"
          >
            <div
              class="MuiCardHeader-root css-185gdzj-MuiCardHeader-root"
            >
              <div
                class="MuiCardHeader-avatar css-1ssile9-MuiCardHeader-avatar"
              >
                <span
                  class="MuiSkeleton-root MuiSkeleton-circular MuiSkeleton-pulse css-wkdwxb-MuiSkeleton-root"
                  style="width: 45px; height: 45px;"
                />
              </div>
              <div
                class="MuiCardHeader-content css-1qbkelo-MuiCardHeader-content"
              >
                <span
                  class="MuiTypography-root MuiTypography-body2 MuiCardHeader-title css-et1ao3-MuiTypography-root"
                >
                  <span
                    class="MuiSkeleton-root MuiSkeleton-text MuiSkeleton-pulse css-1e1x4vv-MuiSkeleton-root"
                    style="height: 43px;"
                  />
                </span>
                <span
                  class="MuiTypography-root MuiTypography-body2 MuiCardHeader-subheader css-83ijpv-MuiTypography-root"
                >
                  <span
                    class="MuiSkeleton-root MuiSkeleton-text MuiSkeleton-pulse css-1e1x4vv-MuiSkeleton-root"
                  />
                </span>
              </div>
            </div>
            <span
              class="MuiSkeleton-root MuiSkeleton-rectangular MuiSkeleton-pulse css-153n0d3-MuiSkeleton-root"
              style="height: 118px;"
            />
          </div>
        </div>
      </div>
    </div>
  </div>
</div>
`;
