// Jest Snapshot v1, https://goo.gl/fbAQLP

exports[`renders correctly 1`] = `
<div
  className="my-anniversary-container"
>
  <div
    className="hide-my-anniversary"
    onClick={false}
  >
    X
  </div>
  <div
    className="my-anniversary-gift"
    onClick={[Function]}
  >
    <div
      className="my-anniversary-gift-top"
    />
    <div
      className="my-anniversary-gift-text"
    >
      
    </div>
    <div
      className="my-anniversary-gift-box"
    />
  </div>
  <div
    className="my-anniversary"
  >
    <h1>
      Happy Anniversary 
      !!!
    </h1>
  </div>
</div>
`;
