// Vitest Snapshot v1, https://vitest.dev/guide/snapshot.html

exports[`ActionItemsPanel > renders correctly 1`] = `
<div>
  <div
    class="MuiPaper-root MuiPaper-elevation MuiPaper-rounded MuiPaper-elevation1 MuiCard-root action-items css-1j74uew-MuiPaper-root-MuiCard-root"
    style="--Paper-shadow: 0px 2px 1px -1px rgba(0,0,0,0.2),0px 1px 1px 0px rgba(0,0,0,0.14),0px 1px 3px 0px rgba(0,0,0,0.12);"
  >
    <div
      class="MuiCardHeader-root css-149tc0y-MuiCardHeader-root"
    >
      <div
        class="MuiCardHeader-avatar css-1r9wl67-MuiCardHeader-avatar"
      >
        <svg
          aria-hidden="true"
          class="MuiSvgIcon-root MuiSvgIcon-fontSizeMedium css-1umw9bq-MuiSvgIcon-root"
          data-testid="ArrowForwardIcon"
          focusable="false"
          viewBox="0 0 24 24"
        >
          <path
            d="m12 4-1.41 1.41L16.17 11H4v2h12.17l-5.58 5.59L12 20l8-8z"
          />
        </svg>
      </div>
      <div
        class="MuiCardHeader-content css-1jkp9bu-MuiCardHeader-content"
      >
        <h2
          class="MuiTypography-root MuiTypography-h5 MuiCardHeader-title css-16xl4zq-MuiTypography-root"
        >
          Action Items
        </h2>
      </div>
    </div>
    <div
      class="MuiCardContent-root action-items-container css-1lt5qva-MuiCardContent-root"
    >
      <div
        data-rbd-droppable-context-id="0"
        data-rbd-droppable-id="droppable"
      />
      <div
        class="add-action-item-div"
      >
        <input
          class="text-input"
          placeholder="Add action item"
          value=""
        />
        <button
          aria-label="create"
          class="MuiButtonBase-root MuiIconButton-root MuiIconButton-sizeLarge edit-icon css-154kngp-MuiButtonBase-root-MuiIconButton-root"
          tabindex="0"
          type="button"
        >
          <svg
            aria-hidden="true"
            class="MuiSvgIcon-root MuiSvgIcon-fontSizeMedium css-1umw9bq-MuiSvgIcon-root"
            data-testid="DoneIcon"
            focusable="false"
            viewBox="0 0 24 24"
          >
            <path
              d="M9 16.2 4.8 12l-1.4 1.4L9 19 21 7l-1.4-1.4z"
            />
          </svg>
        </button>
      </div>
    </div>
  </div>
</div>
`;
