// Jest Snapshot v1, https://goo.gl/fbAQLP

exports[`renders the feedback tips component. 1`] = `
.emotion-0 .FeedbackSubmissionTips-title {
  text-align: center;
  grid-column: 2;
}

@media (max-width: 800px) {
  .emotion-0 .FeedbackSubmissionTips-title {
    font-size: 34px;
    grid-column: 1;
    text-align: left;
  }
}

.emotion-0 .FeedbackSubmissionTips-button {
  justify-self: end;
  margin-right: 3em;
}

@media (max-width: 800px) {
  .emotion-0 .FeedbackSubmissionTips-button {
    margin-right: 0;
  }
}

.emotion-0 .FeedbackSubmissionTips-announcement {
  text-align: center;
  margin-bottom: 0px;
}

@media (max-width: 800px) {
  .emotion-0 .FeedbackSubmissionTips-announcement {
    font-size: 20px;
  }
}

.emotion-1 {
  margin: 0;
  font-family: "Roboto","Helvetica","Arial",sans-serif;
  font-weight: 300;
  font-size: 3.75rem;
  line-height: 1.2;
  letter-spacing: -0.00833em;
}

.emotion-2 {
  display: -webkit-inline-box;
  display: -webkit-inline-flex;
  display: -ms-inline-flexbox;
  display: inline-flex;
  -webkit-align-items: center;
  -webkit-box-align: center;
  -ms-flex-align: center;
  align-items: center;
  -webkit-box-pack: center;
  -ms-flex-pack: center;
  -webkit-justify-content: center;
  justify-content: center;
  position: relative;
  box-sizing: border-box;
  -webkit-tap-highlight-color: transparent;
  background-color: transparent;
  outline: 0;
  border: 0;
  margin: 0;
  border-radius: 0;
  padding: 0;
  cursor: pointer;
  -webkit-user-select: none;
  -moz-user-select: none;
  -ms-user-select: none;
  user-select: none;
  vertical-align: middle;
  -moz-appearance: none;
  -webkit-appearance: none;
  -webkit-text-decoration: none;
  text-decoration: none;
  color: inherit;
  font-family: "Roboto","Helvetica","Arial",sans-serif;
  font-weight: 500;
  font-size: 0.875rem;
  line-height: 1.75;
  letter-spacing: 0.02857em;
  text-transform: uppercase;
  min-width: 64px;
  padding: 6px 16px;
  border-radius: 4px;
  -webkit-transition: background-color 250ms cubic-bezier(0.4, 0, 0.2, 1) 0ms,box-shadow 250ms cubic-bezier(0.4, 0, 0.2, 1) 0ms,border-color 250ms cubic-bezier(0.4, 0, 0.2, 1) 0ms,color 250ms cubic-bezier(0.4, 0, 0.2, 1) 0ms;
  transition: background-color 250ms cubic-bezier(0.4, 0, 0.2, 1) 0ms,box-shadow 250ms cubic-bezier(0.4, 0, 0.2, 1) 0ms,border-color 250ms cubic-bezier(0.4, 0, 0.2, 1) 0ms,color 250ms cubic-bezier(0.4, 0, 0.2, 1) 0ms;
  color: #fff;
  background-color: #1976d2;
  box-shadow: 0px 3px 1px -2px rgba(0,0,0,0.2),0px 2px 2px 0px rgba(0,0,0,0.14),0px 1px 5px 0px rgba(0,0,0,0.12);
}

.emotion-2::-moz-focus-inner {
  border-style: none;
}

.emotion-2.Mui-disabled {
  pointer-events: none;
  cursor: default;
}

@media print {
  .emotion-2 {
    -webkit-print-color-adjust: exact;
    color-adjust: exact;
  }
}

.emotion-2:hover {
  -webkit-text-decoration: none;
  text-decoration: none;
  background-color: #1565c0;
  box-shadow: 0px 2px 4px -1px rgba(0,0,0,0.2),0px 4px 5px 0px rgba(0,0,0,0.14),0px 1px 10px 0px rgba(0,0,0,0.12);
}

@media (hover: none) {
  .emotion-2:hover {
    background-color: #1976d2;
  }
}

.emotion-2:active {
  box-shadow: 0px 5px 5px -3px rgba(0,0,0,0.2),0px 8px 10px 1px rgba(0,0,0,0.14),0px 3px 14px 2px rgba(0,0,0,0.12);
}

.emotion-2.Mui-focusVisible {
  box-shadow: 0px 3px 5px -1px rgba(0,0,0,0.2),0px 6px 10px 0px rgba(0,0,0,0.14),0px 1px 18px 0px rgba(0,0,0,0.12);
}

.emotion-2.Mui-disabled {
  color: rgba(0, 0, 0, 0.26);
  box-shadow: none;
  background-color: rgba(0, 0, 0, 0.12);
}

.emotion-3 {
  margin: 0;
  font-family: "Roboto","Helvetica","Arial",sans-serif;
  font-weight: 400;
  font-size: 1.5rem;
  line-height: 1.334;
  letter-spacing: 0em;
}

.emotion-4 {
  margin: 0;
  font-family: "Roboto","Helvetica","Arial",sans-serif;
  font-weight: 400;
  font-size: 3rem;
  line-height: 1.167;
  letter-spacing: 0em;
}

.emotion-5 {
  margin: 0;
  font-family: "Roboto","Helvetica","Arial",sans-serif;
  font-weight: 400;
  font-size: 1rem;
  line-height: 1.5;
  letter-spacing: 0.00938em;
}

<div
  className="sbi-tips-page emotion-0"
>
  <div
    className="submission-tips-header"
  >
    <h2
      className="MuiTypography-root MuiTypography-h2 FeedbackSubmissionTips-title emotion-1"
    >
      <b>
        Feedback Tips
      </b>
    </h2>
    <div
      className="FeedbackSubmissionTips-button"
    >
      <button
        className="MuiButtonBase-root MuiButton-root MuiButton-contained MuiButton-containedPrimary MuiButton-sizeMedium MuiButton-containedSizeMedium MuiButton-colorPrimary MuiButton-root MuiButton-contained MuiButton-containedPrimary MuiButton-sizeMedium MuiButton-containedSizeMedium MuiButton-colorPrimary emotion-2"
        disabled={false}
        onBlur={[Function]}
        onClick={[Function]}
        onContextMenu={[Function]}
        onDragLeave={[Function]}
        onFocus={[Function]}
        onKeyDown={[Function]}
        onKeyUp={[Function]}
        onMouseDown={[Function]}
        onMouseLeave={[Function]}
        onMouseUp={[Function]}
        onTouchEnd={[Function]}
        onTouchMove={[Function]}
        onTouchStart={[Function]}
        tabIndex={0}
        type="button"
      >
        Next
      </button>
    </div>
  </div>
  <h5
    className="MuiTypography-root MuiTypography-h5 FeedbackSubmissionTips-announcement emotion-3"
  >
    <b>
      SBI is a common approach to providing constructive and fair feedback 
    </b>
  </h5>
  <div
    className="submission-tips"
  >
    <div
      className="sbi-info"
    >
      <div
        className="sbi-circle"
      >
        S
      </div>
      <div
        className="sbi-title-and-description"
      >
        <h3
          className="MuiTypography-root MuiTypography-h3 sbi-info-title emotion-4"
        >
          Situation
        </h3>
        <p
          className="MuiTypography-root MuiTypography-body1 sbi-info-description emotion-5"
        >
          Describe the situation; be specific about when and where it occurred.
        </p>
      </div>
    </div>
    <div
      className="sbi-info"
    >
      <div
        className="sbi-circle"
      >
        B
      </div>
      <div
        className="sbi-title-and-description"
      >
        <h3
          className="MuiTypography-root MuiTypography-h3 sbi-info-title emotion-4"
        >
          Behavior
        </h3>
        <p
          className="MuiTypography-root MuiTypography-body1 sbi-info-description emotion-5"
        >
          Describe the observable behavior; don't assume you know what the other person was thinking.
        </p>
      </div>
    </div>
    <div
      className="sbi-info"
    >
      <div
        className="sbi-circle"
      >
        I
      </div>
      <div
        className="sbi-title-and-description"
      >
        <h3
          className="MuiTypography-root MuiTypography-h3 sbi-info-title emotion-4"
        >
          Impact
        </h3>
        <p
          className="MuiTypography-root MuiTypography-body1 sbi-info-description emotion-5"
        >
          Describe what you thought and felt as a result of that behavior.
        </p>
      </div>
    </div>
  </div>
</div>
`;
