// Jest Snapshot v1, https://goo.gl/fbAQLP

exports[`renders correctly 1`] = `
.emotion-0 {
  background-color: #fff;
  color: rgba(0, 0, 0, 0.87);
  -webkit-transition: box-shadow 300ms cubic-bezier(0.4, 0, 0.2, 1) 0ms;
  transition: box-shadow 300ms cubic-bezier(0.4, 0, 0.2, 1) 0ms;
  border-radius: 4px;
  box-shadow: 0px 2px 1px -1px rgba(0,0,0,0.2),0px 1px 1px 0px rgba(0,0,0,0.14),0px 1px 3px 0px rgba(0,0,0,0.12);
  overflow: hidden;
}

.emotion-1 {
  display: -webkit-box;
  display: -webkit-flex;
  display: -ms-flexbox;
  display: flex;
  -webkit-align-items: center;
  -webkit-box-align: center;
  -ms-flex-align: center;
  align-items: center;
  padding: 16px;
}

.emotion-2 {
  display: -webkit-box;
  display: -webkit-flex;
  display: -ms-flexbox;
  display: flex;
  -webkit-flex: 0 0 auto;
  -ms-flex: 0 0 auto;
  flex: 0 0 auto;
  margin-right: 16px;
}

.emotion-3 {
  -webkit-user-select: none;
  -moz-user-select: none;
  -ms-user-select: none;
  user-select: none;
  width: 1em;
  height: 1em;
  display: inline-block;
  fill: currentColor;
  -webkit-flex-shrink: 0;
  -ms-flex-negative: 0;
  flex-shrink: 0;
  -webkit-transition: fill 200ms cubic-bezier(0.4, 0, 0.2, 1) 0ms;
  transition: fill 200ms cubic-bezier(0.4, 0, 0.2, 1) 0ms;
  font-size: 1.5rem;
}

.emotion-4 {
  -webkit-flex: 1 1 auto;
  -ms-flex: 1 1 auto;
  flex: 1 1 auto;
}

.emotion-5 {
  margin: 0;
  font-family: "Roboto","Helvetica","Arial",sans-serif;
  font-weight: 400;
  font-size: 0.875rem;
  line-height: 1.43;
  letter-spacing: 0.01071em;
  display: block;
}

.emotion-6 {
  list-style: none;
  margin: 0;
  padding: 0;
  position: relative;
  padding-top: 8px;
  padding-bottom: 8px;
}

.emotion-7 {
  display: -webkit-inline-box;
  display: -webkit-inline-flex;
  display: -ms-inline-flexbox;
  display: inline-flex;
  -webkit-align-items: center;
  -webkit-box-align: center;
  -ms-flex-align: center;
  align-items: center;
  -webkit-box-pack: center;
  -ms-flex-pack: center;
  -webkit-justify-content: center;
  justify-content: center;
  position: relative;
  box-sizing: border-box;
  -webkit-tap-highlight-color: transparent;
  background-color: transparent;
  outline: 0;
  border: 0;
  margin: 0;
  border-radius: 0;
  padding: 0;
  cursor: pointer;
  -webkit-user-select: none;
  -moz-user-select: none;
  -ms-user-select: none;
  user-select: none;
  vertical-align: middle;
  -moz-appearance: none;
  -webkit-appearance: none;
  -webkit-text-decoration: none;
  text-decoration: none;
  color: inherit;
  display: -webkit-box;
  display: -webkit-flex;
  display: -ms-flexbox;
  display: flex;
  -webkit-box-pack: start;
  -ms-flex-pack: start;
  -webkit-justify-content: flex-start;
  justify-content: flex-start;
  -webkit-align-items: center;
  -webkit-box-align: center;
  -ms-flex-align: center;
  align-items: center;
  position: relative;
  -webkit-text-decoration: none;
  text-decoration: none;
  width: 100%;
  box-sizing: border-box;
  text-align: left;
  padding-top: 4px;
  padding-bottom: 4px;
  padding-left: 16px;
  padding-right: 16px;
  -webkit-transition: background-color 150ms cubic-bezier(0.4, 0, 0.2, 1) 0ms;
  transition: background-color 150ms cubic-bezier(0.4, 0, 0.2, 1) 0ms;
}

.emotion-7::-moz-focus-inner {
  border-style: none;
}

.emotion-7.Mui-disabled {
  pointer-events: none;
  cursor: default;
}

@media print {
  .emotion-7 {
    -webkit-print-color-adjust: exact;
    color-adjust: exact;
  }
}

.emotion-7.Mui-focusVisible {
  background-color: rgba(0, 0, 0, 0.12);
}

.emotion-7.Mui-selected {
  background-color: rgba(25, 118, 210, 0.08);
}

.emotion-7.Mui-selected.Mui-focusVisible {
  background-color: rgba(25, 118, 210, 0.2);
}

.emotion-7.Mui-disabled {
  opacity: 0.38;
}

.emotion-7:hover {
  -webkit-text-decoration: none;
  text-decoration: none;
  background-color: rgba(0, 0, 0, 0.04);
}

@media (hover: none) {
  .emotion-7:hover {
    background-color: transparent;
  }
}

.emotion-7.Mui-selected:hover {
  background-color: rgba(25, 118, 210, 0.12);
}

@media (hover: none) {
  .emotion-7.Mui-selected:hover {
    background-color: rgba(25, 118, 210, 0.08);
  }
}

.emotion-8 {
  display: -webkit-box;
  display: -webkit-flex;
  display: -ms-flexbox;
  display: flex;
  -webkit-box-pack: start;
  -ms-flex-pack: start;
  -webkit-justify-content: flex-start;
  justify-content: flex-start;
  -webkit-align-items: center;
  -webkit-box-align: center;
  -ms-flex-align: center;
  align-items: center;
  position: relative;
  -webkit-text-decoration: none;
  text-decoration: none;
  width: 100%;
  box-sizing: border-box;
  text-align: left;
  padding-top: 4px;
  padding-bottom: 4px;
  padding-left: 16px;
  padding-right: 16px;
}

.emotion-8.Mui-focusVisible {
  background-color: rgba(0, 0, 0, 0.12);
}

.emotion-8.Mui-selected {
  background-color: rgba(25, 118, 210, 0.08);
}

.emotion-8.Mui-selected.Mui-focusVisible {
  background-color: rgba(25, 118, 210, 0.2);
}

.emotion-8.Mui-disabled {
  opacity: 0.38;
}

.emotion-9 {
  -webkit-flex: 1 1 auto;
  -ms-flex: 1 1 auto;
  flex: 1 1 auto;
  min-width: 0;
  margin-top: 4px;
  margin-bottom: 4px;
}

<div
  className="MuiPaper-root MuiPaper-elevation MuiPaper-rounded MuiPaper-elevation1 MuiCard-root emotion-0"
>
  <div
    className="MuiCardHeader-root emotion-1"
  >
    <div
      className="MuiCardHeader-avatar emotion-2"
    >
      <svg
        aria-hidden={true}
        className="MuiSvgIcon-root MuiSvgIcon-fontSizeMedium emotion-3"
        data-testid="PictureAsPdfIcon"
        focusable="false"
        viewBox="0 0 24 24"
      >
        <path
          d="M20 2H8c-1.1 0-2 .9-2 2v12c0 1.1.9 2 2 2h12c1.1 0 2-.9 2-2V4c0-1.1-.9-2-2-2m-8.5 7.5c0 .83-.67 1.5-1.5 1.5H9v2H7.5V7H10c.83 0 1.5.67 1.5 1.5zm5 2c0 .83-.67 1.5-1.5 1.5h-2.5V7H15c.83 0 1.5.67 1.5 1.5zm4-3H19v1h1.5V11H19v2h-1.5V7h3zM9 9.5h1v-1H9zM4 6H2v14c0 1.1.9 2 2 2h14v-2H4zm10 5.5h1v-3h-1z"
        />
      </svg>
    </div>
    <div
      className="MuiCardHeader-content emotion-4"
    >
      <span
        className="MuiTypography-root MuiTypography-body2 MuiCardHeader-title emotion-5"
      >
        Team Member Resources
      </span>
    </div>
  </div>
  <ul
    className="MuiList-root MuiList-padding MuiList-dense emotion-6"
  >
    <a
      className="MuiButtonBase-root MuiListItem-root MuiListItem-dense MuiListItem-gutters MuiListItem-padding MuiListItem-button emotion-7"
      href="/pdfs/Expectations_Discussion_Guide_for_Team_Members.pdf"
      onBlur={[Function]}
      onClick={[Function]}
      onContextMenu={[Function]}
      onDragLeave={[Function]}
      onFocus={[Function]}
      onKeyDown={[Function]}
      onKeyUp={[Function]}
      onMouseDown={[Function]}
      onMouseLeave={[Function]}
      onMouseUp={[Function]}
      onTouchEnd={[Function]}
      onTouchMove={[Function]}
      onTouchStart={[Function]}
      tabIndex={0}
      target="_blank"
    >
      <li
        className="MuiListItem-root MuiListItem-dense MuiListItem-gutters MuiListItem-padding emotion-8"
        disabled={false}
      >
        <div
          className="MuiListItemText-root MuiListItemText-dense emotion-9"
        >
          <span
            className="MuiTypography-root MuiTypography-body2 MuiListItemText-primary emotion-5"
          >
            Expectations Discussion Guide for Team Members
          </span>
        </div>
      </li>
    </a>
    <a
      className="MuiButtonBase-root MuiListItem-root MuiListItem-dense MuiListItem-gutters MuiListItem-padding MuiListItem-button emotion-7"
      href="/pdfs/Expectations_Worksheet.pdf"
      onBlur={[Function]}
      onClick={[Function]}
      onContextMenu={[Function]}
      onDragLeave={[Function]}
      onFocus={[Function]}
      onKeyDown={[Function]}
      onKeyUp={[Function]}
      onMouseDown={[Function]}
      onMouseLeave={[Function]}
      onMouseUp={[Function]}
      onTouchEnd={[Function]}
      onTouchMove={[Function]}
      onTouchStart={[Function]}
      tabIndex={0}
      target="_blank"
    >
      <li
        className="MuiListItem-root MuiListItem-dense MuiListItem-gutters MuiListItem-padding emotion-8"
        disabled={false}
      >
        <div
          className="MuiListItemText-root MuiListItemText-dense emotion-9"
        >
          <span
            className="MuiTypography-root MuiTypography-body2 MuiListItemText-primary emotion-5"
          >
            Expectations Worksheet
          </span>
        </div>
      </li>
    </a>
    <a
      className="MuiButtonBase-root MuiListItem-root MuiListItem-dense MuiListItem-gutters MuiListItem-padding MuiListItem-button emotion-7"
      href="/pdfs/Feedback_Discussion_Guide_for_Team_Members.pdf"
      onBlur={[Function]}
      onClick={[Function]}
      onContextMenu={[Function]}
      onDragLeave={[Function]}
      onFocus={[Function]}
      onKeyDown={[Function]}
      onKeyUp={[Function]}
      onMouseDown={[Function]}
      onMouseLeave={[Function]}
      onMouseUp={[Function]}
      onTouchEnd={[Function]}
      onTouchMove={[Function]}
      onTouchStart={[Function]}
      tabIndex={0}
      target="_blank"
    >
      <li
        className="MuiListItem-root MuiListItem-dense MuiListItem-gutters MuiListItem-padding emotion-8"
        disabled={false}
      >
        <div
          className="MuiListItemText-root MuiListItemText-dense emotion-9"
        >
          <span
            className="MuiTypography-root MuiTypography-body2 MuiListItemText-primary emotion-5"
          >
            Feedback Discussion Guide for Team Members
          </span>
        </div>
      </li>
    </a>
    <a
      className="MuiButtonBase-root MuiListItem-root MuiListItem-dense MuiListItem-gutters MuiListItem-padding MuiListItem-button emotion-7"
      href="/pdfs/Development_Discussion_Guide_for_Team_Members.pdf"
      onBlur={[Function]}
      onClick={[Function]}
      onContextMenu={[Function]}
      onDragLeave={[Function]}
      onFocus={[Function]}
      onKeyDown={[Function]}
      onKeyUp={[Function]}
      onMouseDown={[Function]}
      onMouseLeave={[Function]}
      onMouseUp={[Function]}
      onTouchEnd={[Function]}
      onTouchMove={[Function]}
      onTouchStart={[Function]}
      tabIndex={0}
      target="_blank"
    >
      <li
        className="MuiListItem-root MuiListItem-dense MuiListItem-gutters MuiListItem-padding emotion-8"
        disabled={false}
      >
        <div
          className="MuiListItemText-root MuiListItemText-dense emotion-9"
        >
          <span
            className="MuiTypography-root MuiTypography-body2 MuiListItemText-primary emotion-5"
          >
            Development Discussion Guide for Team Members
          </span>
        </div>
      </li>
    </a>
    <a
      className="MuiButtonBase-root MuiListItem-root MuiListItem-dense MuiListItem-gutters MuiListItem-padding MuiListItem-button emotion-7"
      href="/pdfs/Individual_Development_Plan.pdf"
      onBlur={[Function]}
      onClick={[Function]}
      onContextMenu={[Function]}
      onDragLeave={[Function]}
      onFocus={[Function]}
      onKeyDown={[Function]}
      onKeyUp={[Function]}
      onMouseDown={[Function]}
      onMouseLeave={[Function]}
      onMouseUp={[Function]}
      onTouchEnd={[Function]}
      onTouchMove={[Function]}
      onTouchStart={[Function]}
      tabIndex={0}
      target="_blank"
    >
      <li
        className="MuiListItem-root MuiListItem-dense MuiListItem-gutters MuiListItem-padding emotion-8"
        disabled={false}
      >
        <div
          className="MuiListItemText-root MuiListItemText-dense emotion-9"
        >
          <span
            className="MuiTypography-root MuiTypography-body2 MuiListItemText-primary emotion-5"
          >
            Individual Development Plan
          </span>
        </div>
      </li>
    </a>
  </ul>
</div>
`;
