// Vitest Snapshot v1, https://vitest.dev/guide/snapshot.html

exports[`renders correctly 1`] = `
<div>
  <div
    class="MuiBox-root css-byrepk"
  >
    <div
      class="MuiPaper-root MuiPaper-elevation MuiPaper-rounded MuiPaper-elevation1 MuiCard-root member-card css-1j74uew-MuiPaper-root-MuiCard-root"
      style="--Paper-shadow: 0px 2px 1px -1px rgba(0,0,0,0.2),0px 1px 1px 0px rgba(0,0,0,0.14),0px 1px 3px 0px rgba(0,0,0,0.12);"
    >
      <a
        href="/profile/2o34i2j34"
        style="text-decoration: none;"
      >
        <div
          class="MuiCardHeader-root MemberSummaryCard-header css-149tc0y-MuiCardHeader-root"
        >
          <div
            class="MuiCardHeader-avatar css-1r9wl67-MuiCardHeader-avatar"
          >
            <div
              class="MuiAvatar-root MuiAvatar-circular large css-fmeqll-MuiAvatar-root"
            >
              <img
                class="MuiAvatar-img css-1su80sj-MuiAvatar-img"
                src="http://localhost:8080/services/member-profiles/member-photos/testerson%40oci.com"
              />
            </div>
          </div>
          <div
            class="MuiCardHeader-content css-1jkp9bu-MuiCardHeader-content"
          >
            <h2
              class="MuiTypography-root MuiTypography-h5 css-16xl4zq-MuiTypography-root"
            />
            <h3
              class="MuiTypography-root MuiTypography-body1 css-1ro85z9-MuiTypography-root"
            >
              engineer
            </h3>
          </div>
        </div>
      </a>
      <div
        class="MuiCardContent-root css-1lt5qva-MuiCardContent-root"
      >
        <div
          class="MuiContainer-root MuiContainer-maxWidthLg MuiContainer-fixed info-container css-1dgpa8w-MuiContainer-root"
        >
          <p
            class="MuiTypography-root MuiTypography-body2 css-1a1whku-MuiTypography-root"
          >
            <a
              href="mailto:testerson@oci.com"
              rel="noopener noreferrer"
              target="_blank"
            >
              testerson@oci.com
            </a>
            <br />
            Location: 
            STL
            <br />
            Supervisor:
             
            <br />
            PDL:
             
            <br />
          </p>
        </div>
      </div>
    </div>
  </div>
</div>
`;
