// Jest Snapshot v1, https://goo.gl/fbAQLP

exports[`renders correctly 1`] = `
<ContextProvider
  value={
    Object {
      "dispatch": [Function],
      "state": Object {
        "checkins": Array [],
        "csrf": undefined,
        "guilds": Array [],
        "index": 0,
        "loading": Object {
          "memberProfiles": false,
          "teams": false,
        },
        "memberProfiles": Array [],
        "memberSkills": Array [],
        "reviewPeriods": Array [],
        "roles": Array [],
        "skills": Array [],
        "teams": Array [],
        "terminatedMembers": Array [],
        "toast": Object {
          "severity": "",
          "toast": "",
        },
        "userProfile": Object {},
        "userRoles": Array [],
      },
    }
  }
>
  <ViewFeedbackResponses />
</ContextProvider>
`;
