// Vitest Snapshot v1, https://vitest.dev/guide/snapshot.html

exports[`renders correctly 1`] = `
<div>
  <div
    class="error-boundary"
    role="alert"
  >
    <div
      class="message-section"
    >
      <h1
        class="message"
      >
        Something went wrong
        <span
          aria-label="sad face"
          role="img"
        >
          😕
        </span>
      </h1>
      <h1
        class="error"
      >
        Error: 
      </h1>
      <h1
        class="new-issue-message"
      >
        Would you mind creating a new issue and explaining what happened?
      </h1>
      <button
        class="MuiButtonBase-root MuiButton-root MuiButton-text MuiButton-textPrimary MuiButton-sizeMedium MuiButton-textSizeMedium MuiButton-colorPrimary MuiButton-root MuiButton-text MuiButton-textPrimary MuiButton-sizeMedium MuiButton-textSizeMedium MuiButton-colorPrimary create-new-issue-button css-1e6y48t-MuiButtonBase-root-MuiButton-root"
        tabindex="0"
        type="button"
      >
        Create New GitHub Issue
        <span
          class="MuiTouchRipple-root css-8je8zh-MuiTouchRipple-root"
        />
      </button>
    </div>
  </div>
</div>
`;
