// Jest Snapshot v1, https://goo.gl/fbAQLP

exports[`renders correctly 1`] = `
<div
  className="MuiGrid-root profile-page MuiGrid-container"
>
  <div
    className="MuiGrid-root left MuiGrid-item MuiGrid-grid-sm-3"
  >
    <div
      className="profile-details"
    >
      <h3>
        No member details found
      </h3>
    </div>
  </div>
  <div
    className="MuiGrid-root right MuiGrid-item MuiGrid-grid-sm-3"
  >
    <div
      className="profile-skills"
    >
      <h2>
        Skills
      </h2>
      <div
        className="profile-skills"
      >
        <h3>
          No member skills found
        </h3>
      </div>
    </div>
    <div
      className="profile-teams"
    >
      <h2>
        Teams
      </h2>
      <div
        className="profile-teams"
      >
        <h3>
          No member teams found
        </h3>
      </div>
    </div>
    <div
      className="profile-guilds"
    >
      <h2>
        Guilds
      </h2>
      <div
        className="profile-guilds"
      >
        <h3>
          No member guilds found
        </h3>
      </div>
    </div>
  </div>
</div>
`;
