// Vitest Snapshot v1, https://vitest.dev/guide/snapshot.html

exports[`renders correctly 1`] = `
<div>
  <div>
    <img
      alt="The Check-in Cycle including Expectations, Feedback, and Development"
      src="/src/components/checkin/checkin-cycle.png"
      style="background-color: red;"
    />
  </div>
</div>
`;
