// Vitest Snapshot v1, https://vitest.dev/guide/snapshot.html

exports[`renders correctly 1`] = `
<div>
  <div
    class="MuiPaper-root MuiPaper-elevation MuiPaper-rounded MuiPaper-elevation1 MuiCard-root note css-1j74uew-MuiPaper-root-MuiCard-root"
    style="--Paper-shadow: 0px 2px 1px -1px rgba(0,0,0,0.2),0px 1px 1px 0px rgba(0,0,0,0.14),0px 1px 3px 0px rgba(0,0,0,0.12);"
  >
    <div
      class="MuiCardHeader-root css-149tc0y-MuiCardHeader-root"
    >
      <div
        class="MuiCardHeader-avatar css-1r9wl67-MuiCardHeader-avatar"
      >
        <svg
          aria-hidden="true"
          class="MuiSvgIcon-root MuiSvgIcon-fontSizeMedium css-1umw9bq-MuiSvgIcon-root"
          data-testid="NotesIcon"
          focusable="false"
          viewBox="0 0 24 24"
        >
          <path
            d="M3 18h12v-2H3zM3 6v2h18V6zm0 7h18v-2H3z"
          />
        </svg>
      </div>
      <div
        class="MuiCardHeader-content css-1jkp9bu-MuiCardHeader-content"
      >
        <h2
          class="MuiTypography-root MuiTypography-h5 MuiCardHeader-title css-16xl4zq-MuiTypography-root"
        >
          Notes for holmes
        </h2>
      </div>
    </div>
    <div
      class="MuiCardContent-root css-1lt5qva-MuiCardContent-root"
    >
      <div
        class="container"
      >
        <div
          class="skeleton"
        >
          <span
            class="MuiSkeleton-root MuiSkeleton-text MuiSkeleton-pulse css-kkcbhd-MuiSkeleton-root"
            style="height: 2rem;"
          />
          <span
            class="MuiSkeleton-root MuiSkeleton-text MuiSkeleton-pulse css-kkcbhd-MuiSkeleton-root"
            style="height: 2rem;"
          />
          <span
            class="MuiSkeleton-root MuiSkeleton-text MuiSkeleton-pulse css-kkcbhd-MuiSkeleton-root"
            style="height: 2rem;"
          />
          <span
            class="MuiSkeleton-root MuiSkeleton-text MuiSkeleton-pulse css-kkcbhd-MuiSkeleton-root"
            style="height: 2rem;"
          />
        </div>
      </div>
    </div>
  </div>
</div>
`;
