// Jest Snapshot v1, https://goo.gl/fbAQLP

exports[`renders correctly 1`] = `
<div
  className="MuiAvatar-root MuiAvatar-circle"
  style={
    Object {
      "backgroundColor": "#72c7d5",
      "cursor": "pointer",
      "position": "absolute",
      "right": "5px",
      "top": "10px",
    }
  }
>
  <img
    className="MuiAvatar-img"
    src="/default_profile.jpg"
  />
</div>
`;
