// Jest Snapshot v1, https://goo.gl/fbAQLP

exports[`renders the feedback submit form 1`] = `
<div
  className="submit-form"
>
  <WithStyles(ForwardRef(Typography))
    className="makeStyles-announcement-1"
    variant="h3"
  >
    Submitting Feedback on 
    <b>
      John Doe
    </b>
  </WithStyles(ForwardRef(Typography))>
  <div
    className="wrapper"
  >
    <Memo(ForwardRef(InfoIcon))
      style={
        Object {
          "color": "#0d47a1",
          "fontSize": "2vh",
        }
      }
    >
      info-icon
    </Memo(ForwardRef(InfoIcon))>
    <WithStyles(ForwardRef(Typography))
      className="makeStyles-tip-2"
    >
      <b>
        Tip of the day: 
      </b>
      Focus on the Issue - Not the Person.
    </WithStyles(ForwardRef(Typography))>
  </div>
  <FeedbackSubmitQuestion
    editable={true}
    key="1"
    question="How are you doing today?"
    questionNumber={1}
  />
  <FeedbackSubmitQuestion
    editable={true}
    key="2"
    question="How is the project going?"
    questionNumber={2}
  />
  <FeedbackSubmitQuestion
    editable={true}
    key="3"
    question="What is your current role on the team?"
    questionNumber={3}
  />
  <div
    className="submit-action-buttons"
  >
    <WithStyles(WithStyles(ForwardRef(Button)))
      className="makeStyles-button-4"
      color="primary"
      onClick={[Function]}
      variant="contained"
    >
      Review
    </WithStyles(WithStyles(ForwardRef(Button)))>
  </div>
</div>
`;
