// Vitest Snapshot v1, https://vitest.dev/guide/snapshot.html

exports[`renders correctly 1`] = `
<div>
  <div
    class="MuiPaper-root MuiPaper-elevation MuiPaper-rounded MuiPaper-elevation1 MuiCard-root css-1j74uew-MuiPaper-root-MuiCard-root"
    style="--Paper-shadow: 0px 2px 1px -1px rgba(0,0,0,0.2),0px 1px 1px 0px rgba(0,0,0,0.14),0px 1px 3px 0px rgba(0,0,0,0.12);"
  >
    <div
      class="MuiCardHeader-root css-149tc0y-MuiCardHeader-root"
    >
      <div
        class="MuiCardHeader-content css-1jkp9bu-MuiCardHeader-content"
      >
        <span
          class="MuiTypography-root MuiTypography-h5 MuiCardHeader-title css-16xl4zq-MuiTypography-root"
        >
          Languages
        </span>
      </div>
      <div
        class="MuiCardHeader-action css-116l9hl-MuiCardHeader-action"
      >
        <div
          style="display: flex; gap: 1rem; margin: 0px 1rem;"
        >
          <a
            aria-label="Edit"
            class=""
            data-mui-internal-clone-element="true"
            href="/admin/skill-categories/languages-id"
          >
            <button
              class="MuiButtonBase-root MuiIconButton-root MuiIconButton-sizeMedium css-53g0n7-MuiButtonBase-root-MuiIconButton-root"
              tabindex="0"
              type="button"
            >
              <svg
                aria-hidden="true"
                class="MuiSvgIcon-root MuiSvgIcon-fontSizeMedium css-1umw9bq-MuiSvgIcon-root"
                data-testid="EditIcon"
                focusable="false"
                viewBox="0 0 24 24"
              >
                <path
                  d="M3 17.25V21h3.75L17.81 9.94l-3.75-3.75zM20.71 7.04c.39-.39.39-1.02 0-1.41l-2.34-2.34a.996.996 0 0 0-1.41 0l-1.83 1.83 3.75 3.75z"
                />
              </svg>
            </button>
          </a>
          <button
            aria-label="Delete"
            class="MuiButtonBase-root MuiIconButton-root MuiIconButton-sizeMedium css-53g0n7-MuiButtonBase-root-MuiIconButton-root"
            data-mui-internal-clone-element="true"
            tabindex="0"
            type="button"
          >
            <svg
              aria-hidden="true"
              class="MuiSvgIcon-root MuiSvgIcon-fontSizeMedium css-1umw9bq-MuiSvgIcon-root"
              data-testid="DeleteIcon"
              focusable="false"
              viewBox="0 0 24 24"
            >
              <path
                d="M6 19c0 1.1.9 2 2 2h8c1.1 0 2-.9 2-2V7H6zM19 4h-3.5l-1-1h-5l-1 1H5v2h14z"
              />
            </svg>
          </button>
        </div>
      </div>
    </div>
    <div
      class="MuiCardContent-root css-1lt5qva-MuiCardContent-root"
      style="display: flex; gap: 0.5rem;"
    >
      <p
        class="MuiTypography-root MuiTypography-body2 css-1a1whku-MuiTypography-root"
        style="font-style: italic;"
      >
        This category contains no skills.
      </p>
    </div>
  </div>
</div>
`;
